22:52:03 138 cities with at least 150 AGEB
22:52:05 333 bags of 110 cities · 428298 instances · median 706 per bag
22:52:05 37 bags of 14 cities · 40114 instances · median 541 per bag
22:52:05 already here: 11_guanajuato.zip (133.2 MB)
22:52:05 reading 11a.shp
22:52:06 connected mass: 88 of 126 AGEB, 38 satellites dropped
22:52:06 Acámbaro: 88 polygons, 82 join with a label, 1 municipalities
22:52:06 Acámbaro: 82 AGEB, box ~666x992 px @10 m
22:52:06 already here: 07_chiapas.zip (108.8 MB)
22:52:06 reading 07a.shp
22:52:06 Comitán de Domínguez: 100 polygons, 100 join with a label, 2 municipalities
22:52:06 Comitán de Domínguez: 100 AGEB, box ~1261x1162 px @10 m
22:52:06 already here: 11_guanajuato.zip (133.2 MB)
22:52:06 reading 11a.shp
22:52:06 connected mass: 60 of 74 AGEB, 14 satellites dropped
22:52:06 Comonfort: 60 polygons, 51 join with a label, 2 municipalities
22:52:06 Comonfort: 51 AGEB, box ~417x1544 px @10 m
22:52:06 already here: 25_sinaloa.zip (71.9 MB)
22:52:06 reading 25a.shp
22:52:06 connected mass: 572 of 653 AGEB, 81 satellites dropped
22:52:07 Culiacán: 572 polygons, 529 join with a label, 2 municipalities
22:52:07 Culiacán: 529 AGEB, box ~2479x2024 px @10 m
22:52:07 already here: 15_mexico.zip (226.7 MB)
22:52:07 reading 15a.shp
22:52:07 Ecatepec de Morelos: 800 polygons, 798 join with a label, 13 municipalities
22:52:07 Ecatepec de Morelos: 798 AGEB, box ~2439x3068 px @10 m
22:52:07 already here: 23_quintanaroo.zip (37.9 MB)
22:52:07 reading 23a.shp
22:52:07 connected mass: 37 of 67 AGEB, 30 satellites dropped
22:52:07 Felipe Carrillo Puerto: 37 polygons, 37 join with a label, 1 municipalities
22:52:07 Felipe Carrillo Puerto: 37 AGEB, box ~523x417 px @10 m
22:52:07 already here: 32_zacatecas.zip (74.4 MB)
22:52:07 reading 32a.shp
22:52:07 connected mass: 312 of 345 AGEB, 33 satellites dropped
22:52:07 Guadalupe: 312 polygons, 288 join with a label, 3 municipalities
22:52:07 Guadalupe: 288 AGEB, box ~1419x2120 px @10 m
22:52:07 already here: 11_guanajuato.zip (133.2 MB)
22:52:07 reading 11a.shp
22:52:08 connected mass: 178 of 183 AGEB, 5 satellites dropped
22:52:08 Guanajuato: 178 polygons, 165 join with a label, 3 municipalities
22:52:08 Guanajuato: 165 AGEB, box ~1413x2904 px @10 m
22:52:08 already here: 15_mexico.zip (226.7 MB)
22:52:08 reading 15a.shp
22:52:08 Naucalpan de Juárez: 400 polygons, 396 join with a label, 5 municipalities
22:52:08 Naucalpan de Juárez: 396 AGEB, box ~2527x2397 px @10 m
22:52:08 already here: 30_veracruzignaciodelallave.zip (183.8 MB)
22:52:08 reading 30a.shp
22:52:08 connected mass: 52 of 57 AGEB, 5 satellites dropped
22:52:08 Papantla: 52 polygons, 52 join with a label, 1 municipalities
22:52:08 Papantla: 52 AGEB, box ~791x1329 px @10 m
22:52:08 already here: 26_sonora.zip (74.0 MB)
22:52:08 reading 26a.shp
22:52:09 connected mass: 239 of 291 AGEB, 52 satellites dropped
22:52:09 San Luis Río Colorado: 239 polygons, 218 join with a label, 1 municipalities
22:52:09 San Luis Río Colorado: 218 AGEB, box ~1340x1114 px @10 m
22:52:09 already here: 07_chiapas.zip (108.8 MB)
22:52:09 reading 07a.shp
22:52:09 connected mass: 162 of 207 AGEB, 45 satellites dropped
22:52:09 Tapachula: 162 polygons, 162 join with a label, 1 municipalities
22:52:09 Tapachula: 162 AGEB, box ~985x1147 px @10 m
22:52:09 already here: 05_coahuiladezaragoza.zip (67.3 MB)
22:52:09 reading 05a.shp
22:52:09 Torreón: 355 polygons, 345 join with a label, 2 municipalities
22:52:09 Torreón: 345 AGEB, box ~2425x1850 px @10 m
22:52:09 already here: 24_sanluispotosi.zip (91.2 MB)
22:52:09 reading 24a.shp
22:52:09 connected mass: 21 of 76 AGEB, 55 satellites dropped
22:52:09 Villa de Ramos: 21 polygons, 20 join with a label, 1 municipalities
22:52:09 Villa de Ramos: 20 AGEB, box ~276x386 px @10 m
optical · radius 1 · 333 training bags · 37 held
22:52:22 epoch 1 · loss 0.36514 · bag MAE 0.1210 · map AUROC 0.840 · within +0.191
22:52:25 epoch 2 · loss 0.29910 · bag MAE 0.1112 · map AUROC 0.821 · within +0.206
22:52:28 epoch 3 · loss 0.28501 · bag MAE 0.1212 · map AUROC 0.822 · within +0.213
22:52:30 epoch 4 · loss 0.27218 · bag MAE 0.1197 · map AUROC 0.806 · within +0.204
22:52:33 epoch 5 · loss 0.26419 · bag MAE 0.1148 · map AUROC 0.822 · within +0.211
22:52:36 epoch 6 · loss 0.25589 · bag MAE 0.1211 · map AUROC 0.816 · within +0.214
22:52:39 epoch 7 · loss 0.25005 · bag MAE 0.1250 · map AUROC 0.807 · within +0.221
22:52:42 epoch 8 · loss 0.24409 · bag MAE 0.1195 · map AUROC 0.808 · within +0.211
22:52:44 epoch 9 · loss 0.23944 · bag MAE 0.1170 · map AUROC 0.811 · within +0.203
22:52:47 epoch 10 · loss 0.23554 · bag MAE 0.1145 · map AUROC 0.816 · within +0.206

===== VALIDATION =====
optical · radius 1 · tuned True · map AUROC 0.821 · within-bag +0.206 over 34 bags · pooled +0.454 · bag MAE 0.1112
