22:52:49 138 cities with at least 150 AGEB
22:52:52 342 bags of 110 cities · 460739 instances · median 709 per bag
22:52:52 37 bags of 14 cities · 40151 instances · median 541 per bag
22:52:52 already here: 11_guanajuato.zip (133.2 MB)
22:52:52 reading 11a.shp
22:52:52 connected mass: 88 of 126 AGEB, 38 satellites dropped
22:52:52 Acámbaro: 88 polygons, 82 join with a label, 1 municipalities
22:52:52 Acámbaro: 82 AGEB, box ~666x992 px @10 m
22:52:52 already here: 07_chiapas.zip (108.8 MB)
22:52:52 reading 07a.shp
22:52:52 Comitán de Domínguez: 100 polygons, 100 join with a label, 2 municipalities
22:52:52 Comitán de Domínguez: 100 AGEB, box ~1261x1162 px @10 m
22:52:52 already here: 11_guanajuato.zip (133.2 MB)
22:52:52 reading 11a.shp
22:52:53 connected mass: 60 of 74 AGEB, 14 satellites dropped
22:52:53 Comonfort: 60 polygons, 51 join with a label, 2 municipalities
22:52:53 Comonfort: 51 AGEB, box ~417x1544 px @10 m
22:52:53 already here: 25_sinaloa.zip (71.9 MB)
22:52:53 reading 25a.shp
22:52:53 connected mass: 572 of 653 AGEB, 81 satellites dropped
22:52:53 Culiacán: 572 polygons, 529 join with a label, 2 municipalities
22:52:53 Culiacán: 529 AGEB, box ~2479x2024 px @10 m
22:52:53 already here: 15_mexico.zip (226.7 MB)
22:52:53 reading 15a.shp
22:52:54 Ecatepec de Morelos: 800 polygons, 798 join with a label, 13 municipalities
22:52:54 Ecatepec de Morelos: 798 AGEB, box ~2439x3068 px @10 m
22:52:54 already here: 23_quintanaroo.zip (37.9 MB)
22:52:54 reading 23a.shp
22:52:54 connected mass: 37 of 67 AGEB, 30 satellites dropped
22:52:54 Felipe Carrillo Puerto: 37 polygons, 37 join with a label, 1 municipalities
22:52:54 Felipe Carrillo Puerto: 37 AGEB, box ~523x417 px @10 m
22:52:54 already here: 32_zacatecas.zip (74.4 MB)
22:52:54 reading 32a.shp
22:52:54 connected mass: 312 of 345 AGEB, 33 satellites dropped
22:52:54 Guadalupe: 312 polygons, 288 join with a label, 3 municipalities
22:52:54 Guadalupe: 288 AGEB, box ~1419x2120 px @10 m
22:52:54 already here: 11_guanajuato.zip (133.2 MB)
22:52:54 reading 11a.shp
22:52:54 connected mass: 178 of 183 AGEB, 5 satellites dropped
22:52:54 Guanajuato: 178 polygons, 165 join with a label, 3 municipalities
22:52:54 Guanajuato: 165 AGEB, box ~1413x2904 px @10 m
22:52:54 already here: 15_mexico.zip (226.7 MB)
22:52:54 reading 15a.shp
22:52:55 Naucalpan de Juárez: 400 polygons, 396 join with a label, 5 municipalities
22:52:55 Naucalpan de Juárez: 396 AGEB, box ~2527x2397 px @10 m
22:52:55 already here: 30_veracruzignaciodelallave.zip (183.8 MB)
22:52:55 reading 30a.shp
22:52:55 connected mass: 52 of 57 AGEB, 5 satellites dropped
22:52:55 Papantla: 52 polygons, 52 join with a label, 1 municipalities
22:52:55 Papantla: 52 AGEB, box ~791x1329 px @10 m
22:52:55 already here: 26_sonora.zip (74.0 MB)
22:52:55 reading 26a.shp
22:52:55 connected mass: 239 of 291 AGEB, 52 satellites dropped
22:52:55 San Luis Río Colorado: 239 polygons, 218 join with a label, 1 municipalities
22:52:55 San Luis Río Colorado: 218 AGEB, box ~1340x1114 px @10 m
22:52:55 already here: 07_chiapas.zip (108.8 MB)
22:52:55 reading 07a.shp
22:52:55 connected mass: 162 of 207 AGEB, 45 satellites dropped
22:52:55 Tapachula: 162 polygons, 162 join with a label, 1 municipalities
22:52:55 Tapachula: 162 AGEB, box ~985x1147 px @10 m
22:52:55 already here: 05_coahuiladezaragoza.zip (67.3 MB)
22:52:55 reading 05a.shp
22:52:56 Torreón: 355 polygons, 345 join with a label, 2 municipalities
22:52:56 Torreón: 345 AGEB, box ~2425x1850 px @10 m
22:52:56 already here: 24_sanluispotosi.zip (91.2 MB)
22:52:56 reading 24a.shp
22:52:56 connected mass: 21 of 76 AGEB, 55 satellites dropped
22:52:56 Villa de Ramos: 21 polygons, 20 join with a label, 1 municipalities
22:52:56 Villa de Ramos: 20 AGEB, box ~276x386 px @10 m
radar · radius 1 · 342 training bags · 37 held
22:53:09 epoch 1 · loss 0.39168 · bag MAE 0.1412 · map AUROC 0.572 · within -0.009
22:53:12 epoch 2 · loss 0.35003 · bag MAE 0.1423 · map AUROC 0.597 · within -0.010
22:53:15 epoch 3 · loss 0.33372 · bag MAE 0.1325 · map AUROC 0.622 · within -0.011
22:53:18 epoch 4 · loss 0.32400 · bag MAE 0.1387 · map AUROC 0.648 · within -0.006
22:53:21 epoch 5 · loss 0.31644 · bag MAE 0.1365 · map AUROC 0.631 · within -0.012
22:53:24 epoch 6 · loss 0.31122 · bag MAE 0.1495 · map AUROC 0.649 · within +0.004
22:53:27 epoch 7 · loss 0.30655 · bag MAE 0.1443 · map AUROC 0.638 · within -0.009
22:53:30 epoch 8 · loss 0.30070 · bag MAE 0.1453 · map AUROC 0.633 · within -0.001
22:53:32 epoch 9 · loss 0.29523 · bag MAE 0.1442 · map AUROC 0.630 · within -0.003
22:53:35 epoch 10 · loss 0.29727 · bag MAE 0.1458 · map AUROC 0.651 · within +0.002
22:53:38 epoch 11 · loss 0.28926 · bag MAE 0.1403 · map AUROC 0.646 · within +0.005

===== VALIDATION =====
radar · radius 1 · tuned True · map AUROC 0.622 · within-bag -0.011 over 34 bags · pooled +0.181 · bag MAE 0.1325
