22:56:32 138 cities with at least 150 AGEB
22:56:32 aguascalientes: 803 instances without a counterpart dropped
22:56:33 champoton: 21 instances without a counterpart dropped
22:56:35 morelia: 103 instances without a counterpart dropped
22:56:35 patzcuaro: 53 instances without a counterpart dropped
22:56:36 santodomingotehuantepec: 117 instances without a counterpart dropped
22:56:37 trancoso: 2 instances without a counterpart dropped
22:56:37 zacapu: 67 instances without a counterpart dropped
22:56:37 333 bags of 110 cities · 427132 instances · median 701 per bag
22:56:38 villaderamos: 1 instances without a counterpart dropped
22:56:38 37 bags of 14 cities · 40113 instances · median 541 per bag
22:56:38 already here: 11_guanajuato.zip (133.2 MB)
22:56:38 reading 11a.shp
22:56:38 connected mass: 88 of 126 AGEB, 38 satellites dropped
22:56:38 Acámbaro: 88 polygons, 82 join with a label, 1 municipalities
22:56:38 Acámbaro: 82 AGEB, box ~666x992 px @10 m
22:56:38 already here: 07_chiapas.zip (108.8 MB)
22:56:38 reading 07a.shp
22:56:38 Comitán de Domínguez: 100 polygons, 100 join with a label, 2 municipalities
22:56:38 Comitán de Domínguez: 100 AGEB, box ~1261x1162 px @10 m
22:56:38 already here: 11_guanajuato.zip (133.2 MB)
22:56:38 reading 11a.shp
22:56:38 connected mass: 60 of 74 AGEB, 14 satellites dropped
22:56:38 Comonfort: 60 polygons, 51 join with a label, 2 municipalities
22:56:38 Comonfort: 51 AGEB, box ~417x1544 px @10 m
22:56:38 already here: 25_sinaloa.zip (71.9 MB)
22:56:38 reading 25a.shp
22:56:39 connected mass: 572 of 653 AGEB, 81 satellites dropped
22:56:39 Culiacán: 572 polygons, 529 join with a label, 2 municipalities
22:56:39 Culiacán: 529 AGEB, box ~2479x2024 px @10 m
22:56:39 already here: 15_mexico.zip (226.7 MB)
22:56:39 reading 15a.shp
22:56:39 Ecatepec de Morelos: 800 polygons, 798 join with a label, 13 municipalities
22:56:39 Ecatepec de Morelos: 798 AGEB, box ~2439x3068 px @10 m
22:56:39 already here: 23_quintanaroo.zip (37.9 MB)
22:56:39 reading 23a.shp
22:56:39 connected mass: 37 of 67 AGEB, 30 satellites dropped
22:56:39 Felipe Carrillo Puerto: 37 polygons, 37 join with a label, 1 municipalities
22:56:39 Felipe Carrillo Puerto: 37 AGEB, box ~523x417 px @10 m
22:56:39 already here: 32_zacatecas.zip (74.4 MB)
22:56:39 reading 32a.shp
22:56:40 connected mass: 312 of 345 AGEB, 33 satellites dropped
22:56:40 Guadalupe: 312 polygons, 288 join with a label, 3 municipalities
22:56:40 Guadalupe: 288 AGEB, box ~1419x2120 px @10 m
22:56:40 already here: 11_guanajuato.zip (133.2 MB)
22:56:40 reading 11a.shp
22:56:40 connected mass: 178 of 183 AGEB, 5 satellites dropped
22:56:40 Guanajuato: 178 polygons, 165 join with a label, 3 municipalities
22:56:40 Guanajuato: 165 AGEB, box ~1413x2904 px @10 m
22:56:40 already here: 15_mexico.zip (226.7 MB)
22:56:40 reading 15a.shp
22:56:41 Naucalpan de Juárez: 400 polygons, 396 join with a label, 5 municipalities
22:56:41 Naucalpan de Juárez: 396 AGEB, box ~2527x2397 px @10 m
22:56:41 already here: 30_veracruzignaciodelallave.zip (183.8 MB)
22:56:41 reading 30a.shp
22:56:41 connected mass: 52 of 57 AGEB, 5 satellites dropped
22:56:41 Papantla: 52 polygons, 52 join with a label, 1 municipalities
22:56:41 Papantla: 52 AGEB, box ~791x1329 px @10 m
22:56:41 already here: 26_sonora.zip (74.0 MB)
22:56:41 reading 26a.shp
22:56:41 connected mass: 239 of 291 AGEB, 52 satellites dropped
22:56:41 San Luis Río Colorado: 239 polygons, 218 join with a label, 1 municipalities
22:56:41 San Luis Río Colorado: 218 AGEB, box ~1340x1114 px @10 m
22:56:41 already here: 07_chiapas.zip (108.8 MB)
22:56:41 reading 07a.shp
22:56:41 connected mass: 162 of 207 AGEB, 45 satellites dropped
22:56:41 Tapachula: 162 polygons, 162 join with a label, 1 municipalities
22:56:41 Tapachula: 162 AGEB, box ~985x1147 px @10 m
22:56:41 already here: 05_coahuiladezaragoza.zip (67.3 MB)
22:56:41 reading 05a.shp
22:56:42 Torreón: 355 polygons, 345 join with a label, 2 municipalities
22:56:42 Torreón: 345 AGEB, box ~2425x1850 px @10 m
22:56:42 already here: 24_sanluispotosi.zip (91.2 MB)
22:56:42 reading 24a.shp
22:56:42 connected mass: 21 of 76 AGEB, 55 satellites dropped
22:56:42 Villa de Ramos: 21 polygons, 20 join with a label, 1 municipalities
22:56:42 Villa de Ramos: 20 AGEB, box ~276x386 px @10 m
fused · radius 1 · 333 training bags · 37 held
22:56:55 epoch 1 · loss 0.35035 · bag MAE 0.1088 · map AUROC 0.788 · within +0.148
22:56:58 epoch 2 · loss 0.29492 · bag MAE 0.1344 · map AUROC 0.793 · within +0.144
22:57:01 epoch 3 · loss 0.28032 · bag MAE 0.1166 · map AUROC 0.793 · within +0.180
22:57:04 epoch 4 · loss 0.26714 · bag MAE 0.1166 · map AUROC 0.805 · within +0.181
22:57:07 epoch 5 · loss 0.25821 · bag MAE 0.1160 · map AUROC 0.785 · within +0.193
22:57:10 epoch 6 · loss 0.24895 · bag MAE 0.1085 · map AUROC 0.791 · within +0.189
22:57:13 epoch 7 · loss 0.24375 · bag MAE 0.1239 · map AUROC 0.819 · within +0.205
22:57:16 epoch 8 · loss 0.23837 · bag MAE 0.1144 · map AUROC 0.798 · within +0.188
22:57:19 epoch 9 · loss 0.23373 · bag MAE 0.1107 · map AUROC 0.813 · within +0.214
22:57:22 epoch 10 · loss 0.22902 · bag MAE 0.1101 · map AUROC 0.782 · within +0.193
22:57:25 epoch 11 · loss 0.22713 · bag MAE 0.1094 · map AUROC 0.804 · within +0.213
22:57:28 epoch 12 · loss 0.22458 · bag MAE 0.1029 · map AUROC 0.815 · within +0.200
22:57:31 epoch 13 · loss 0.22245 · bag MAE 0.1113 · map AUROC 0.791 · within +0.208
22:57:34 epoch 14 · loss 0.21942 · bag MAE 0.1065 · map AUROC 0.803 · within +0.201
22:57:37 epoch 15 · loss 0.21828 · bag MAE 0.1051 · map AUROC 0.798 · within +0.200
22:57:40 epoch 16 · loss 0.21804 · bag MAE 0.1086 · map AUROC 0.797 · within +0.202
22:57:43 epoch 17 · loss 0.21592 · bag MAE 0.1055 · map AUROC 0.816 · within +0.210
22:57:46 epoch 18 · loss 0.21449 · bag MAE 0.1021 · map AUROC 0.809 · within +0.200
22:57:49 epoch 19 · loss 0.21322 · bag MAE 0.1029 · map AUROC 0.807 · within +0.193
22:57:52 epoch 20 · loss 0.21283 · bag MAE 0.1041 · map AUROC 0.814 · within +0.198
22:57:55 epoch 21 · loss 0.21163 · bag MAE 0.1085 · map AUROC 0.814 · within +0.197
22:57:58 epoch 22 · loss 0.21168 · bag MAE 0.1041 · map AUROC 0.800 · within +0.180
22:58:00 epoch 23 · loss 0.21107 · bag MAE 0.1016 · map AUROC 0.826 · within +0.200
22:58:03 epoch 24 · loss 0.21086 · bag MAE 0.1051 · map AUROC 0.805 · within +0.178
22:58:06 epoch 25 · loss 0.20977 · bag MAE 0.1045 · map AUROC 0.808 · within +0.188
22:58:09 epoch 26 · loss 0.20891 · bag MAE 0.1026 · map AUROC 0.806 · within +0.198
22:58:12 epoch 27 · loss 0.20906 · bag MAE 0.1013 · map AUROC 0.817 · within +0.190
22:58:15 epoch 28 · loss 0.20928 · bag MAE 0.1045 · map AUROC 0.807 · within +0.178
22:58:18 epoch 29 · loss 0.20774 · bag MAE 0.1020 · map AUROC 0.814 · within +0.196
22:58:21 epoch 30 · loss 0.20723 · bag MAE 0.1085 · map AUROC 0.814 · within +0.177

===== VALIDATION =====
fused · radius 1 · tuned True · map AUROC 0.817 · within-bag +0.190 over 34 bags · pooled +0.485 · bag MAE 0.1013
