22:50:26 138 cities with at least 150 AGEB
22:50:29 333 bags of 110 cities · 428298 instances · median 706 per bag
22:50:29 37 bags of 14 cities · 40114 instances · median 541 per bag
22:50:29 already here: 11_guanajuato.zip (133.2 MB)
22:50:29 reading 11a.shp
22:50:29 connected mass: 88 of 126 AGEB, 38 satellites dropped
22:50:29 Acámbaro: 88 polygons, 82 join with a label, 1 municipalities
22:50:29 Acámbaro: 82 AGEB, box ~666x992 px @10 m
22:50:29 already here: 07_chiapas.zip (108.8 MB)
22:50:29 reading 07a.shp
22:50:29 Comitán de Domínguez: 100 polygons, 100 join with a label, 2 municipalities
22:50:29 Comitán de Domínguez: 100 AGEB, box ~1261x1162 px @10 m
22:50:29 already here: 11_guanajuato.zip (133.2 MB)
22:50:29 reading 11a.shp
22:50:30 connected mass: 60 of 74 AGEB, 14 satellites dropped
22:50:30 Comonfort: 60 polygons, 51 join with a label, 2 municipalities
22:50:30 Comonfort: 51 AGEB, box ~417x1544 px @10 m
22:50:30 already here: 25_sinaloa.zip (71.9 MB)
22:50:30 reading 25a.shp
22:50:30 connected mass: 572 of 653 AGEB, 81 satellites dropped
22:50:30 Culiacán: 572 polygons, 529 join with a label, 2 municipalities
22:50:30 Culiacán: 529 AGEB, box ~2479x2024 px @10 m
22:50:30 already here: 15_mexico.zip (226.7 MB)
22:50:30 reading 15a.shp
22:50:30 Ecatepec de Morelos: 800 polygons, 798 join with a label, 13 municipalities
22:50:30 Ecatepec de Morelos: 798 AGEB, box ~2439x3068 px @10 m
22:50:30 already here: 23_quintanaroo.zip (37.9 MB)
22:50:30 reading 23a.shp
22:50:31 connected mass: 37 of 67 AGEB, 30 satellites dropped
22:50:31 Felipe Carrillo Puerto: 37 polygons, 37 join with a label, 1 municipalities
22:50:31 Felipe Carrillo Puerto: 37 AGEB, box ~523x417 px @10 m
22:50:31 already here: 32_zacatecas.zip (74.4 MB)
22:50:31 reading 32a.shp
22:50:31 connected mass: 312 of 345 AGEB, 33 satellites dropped
22:50:31 Guadalupe: 312 polygons, 288 join with a label, 3 municipalities
22:50:31 Guadalupe: 288 AGEB, box ~1419x2120 px @10 m
22:50:31 already here: 11_guanajuato.zip (133.2 MB)
22:50:31 reading 11a.shp
22:50:31 connected mass: 178 of 183 AGEB, 5 satellites dropped
22:50:31 Guanajuato: 178 polygons, 165 join with a label, 3 municipalities
22:50:31 Guanajuato: 165 AGEB, box ~1413x2904 px @10 m
22:50:31 already here: 15_mexico.zip (226.7 MB)
22:50:31 reading 15a.shp
22:50:32 Naucalpan de Juárez: 400 polygons, 396 join with a label, 5 municipalities
22:50:32 Naucalpan de Juárez: 396 AGEB, box ~2527x2397 px @10 m
22:50:32 already here: 30_veracruzignaciodelallave.zip (183.8 MB)
22:50:32 reading 30a.shp
22:50:32 connected mass: 52 of 57 AGEB, 5 satellites dropped
22:50:32 Papantla: 52 polygons, 52 join with a label, 1 municipalities
22:50:32 Papantla: 52 AGEB, box ~791x1329 px @10 m
22:50:32 already here: 26_sonora.zip (74.0 MB)
22:50:32 reading 26a.shp
22:50:32 connected mass: 239 of 291 AGEB, 52 satellites dropped
22:50:32 San Luis Río Colorado: 239 polygons, 218 join with a label, 1 municipalities
22:50:32 San Luis Río Colorado: 218 AGEB, box ~1340x1114 px @10 m
22:50:32 already here: 07_chiapas.zip (108.8 MB)
22:50:32 reading 07a.shp
22:50:32 connected mass: 162 of 207 AGEB, 45 satellites dropped
22:50:32 Tapachula: 162 polygons, 162 join with a label, 1 municipalities
22:50:32 Tapachula: 162 AGEB, box ~985x1147 px @10 m
22:50:32 already here: 05_coahuiladezaragoza.zip (67.3 MB)
22:50:32 reading 05a.shp
22:50:33 Torreón: 355 polygons, 345 join with a label, 2 municipalities
22:50:33 Torreón: 345 AGEB, box ~2425x1850 px @10 m
22:50:33 already here: 24_sanluispotosi.zip (91.2 MB)
22:50:33 reading 24a.shp
22:50:33 connected mass: 21 of 76 AGEB, 55 satellites dropped
22:50:33 Villa de Ramos: 21 polygons, 20 join with a label, 1 municipalities
22:50:33 Villa de Ramos: 20 AGEB, box ~276x386 px @10 m
optical · radius 1 · 333 training bags · 37 held
22:50:46 epoch 1 · loss 0.37066 · bag MAE 0.1167 · map AUROC 0.834 · within +0.179
22:50:49 epoch 2 · loss 0.30051 · bag MAE 0.1165 · map AUROC 0.823 · within +0.201
22:50:51 epoch 3 · loss 0.28510 · bag MAE 0.1168 · map AUROC 0.818 · within +0.208
22:50:54 epoch 4 · loss 0.27223 · bag MAE 0.1255 · map AUROC 0.822 · within +0.210
22:50:57 epoch 5 · loss 0.26437 · bag MAE 0.1298 · map AUROC 0.815 · within +0.228
22:51:00 epoch 6 · loss 0.25592 · bag MAE 0.1166 · map AUROC 0.796 · within +0.212
22:51:03 epoch 7 · loss 0.25027 · bag MAE 0.1191 · map AUROC 0.806 · within +0.200
22:51:05 epoch 8 · loss 0.24428 · bag MAE 0.1157 · map AUROC 0.791 · within +0.170
22:51:08 epoch 9 · loss 0.24040 · bag MAE 0.1169 · map AUROC 0.801 · within +0.197
22:51:11 epoch 10 · loss 0.23607 · bag MAE 0.1127 · map AUROC 0.802 · within +0.188
22:51:14 epoch 11 · loss 0.23126 · bag MAE 0.1110 · map AUROC 0.801 · within +0.194
22:51:17 epoch 12 · loss 0.23007 · bag MAE 0.1213 · map AUROC 0.789 · within +0.193
22:51:19 epoch 13 · loss 0.22676 · bag MAE 0.1129 · map AUROC 0.784 · within +0.172
22:51:22 epoch 14 · loss 0.22476 · bag MAE 0.1123 · map AUROC 0.799 · within +0.175
22:51:25 epoch 15 · loss 0.22326 · bag MAE 0.1083 · map AUROC 0.788 · within +0.171
22:51:28 epoch 16 · loss 0.22128 · bag MAE 0.1141 · map AUROC 0.798 · within +0.174
22:51:30 epoch 17 · loss 0.21981 · bag MAE 0.1093 · map AUROC 0.801 · within +0.169
22:51:33 epoch 18 · loss 0.21800 · bag MAE 0.1131 · map AUROC 0.799 · within +0.188
22:51:36 epoch 19 · loss 0.21745 · bag MAE 0.1107 · map AUROC 0.799 · within +0.172
22:51:39 epoch 20 · loss 0.21615 · bag MAE 0.1062 · map AUROC 0.781 · within +0.172
22:51:41 epoch 21 · loss 0.21516 · bag MAE 0.1088 · map AUROC 0.783 · within +0.156
22:51:44 epoch 22 · loss 0.21458 · bag MAE 0.1092 · map AUROC 0.788 · within +0.168
22:51:47 epoch 23 · loss 0.21388 · bag MAE 0.1118 · map AUROC 0.791 · within +0.177
22:51:50 epoch 24 · loss 0.21305 · bag MAE 0.1079 · map AUROC 0.778 · within +0.171
22:51:52 epoch 25 · loss 0.21238 · bag MAE 0.1107 · map AUROC 0.791 · within +0.162
22:51:55 epoch 26 · loss 0.21183 · bag MAE 0.1098 · map AUROC 0.798 · within +0.183
22:51:58 epoch 27 · loss 0.21110 · bag MAE 0.1080 · map AUROC 0.772 · within +0.175
22:52:01 epoch 28 · loss 0.21099 · bag MAE 0.1091 · map AUROC 0.778 · within +0.159

===== VALIDATION =====
optical · radius 1 · tuned True · map AUROC 0.781 · within-bag +0.172 over 34 bags · pooled +0.452 · bag MAE 0.1062
