22:53:40 138 cities with at least 150 AGEB
22:53:43 342 bags of 110 cities · 460739 instances · median 709 per bag
22:53:43 37 bags of 14 cities · 40151 instances · median 541 per bag
22:53:43 already here: 11_guanajuato.zip (133.2 MB)
22:53:43 reading 11a.shp
22:53:43 connected mass: 88 of 126 AGEB, 38 satellites dropped
22:53:43 Acámbaro: 88 polygons, 82 join with a label, 1 municipalities
22:53:43 Acámbaro: 82 AGEB, box ~666x992 px @10 m
22:53:43 already here: 07_chiapas.zip (108.8 MB)
22:53:43 reading 07a.shp
22:53:44 Comitán de Domínguez: 100 polygons, 100 join with a label, 2 municipalities
22:53:44 Comitán de Domínguez: 100 AGEB, box ~1261x1162 px @10 m
22:53:44 already here: 11_guanajuato.zip (133.2 MB)
22:53:44 reading 11a.shp
22:53:44 connected mass: 60 of 74 AGEB, 14 satellites dropped
22:53:44 Comonfort: 60 polygons, 51 join with a label, 2 municipalities
22:53:44 Comonfort: 51 AGEB, box ~417x1544 px @10 m
22:53:44 already here: 25_sinaloa.zip (71.9 MB)
22:53:44 reading 25a.shp
22:53:44 connected mass: 572 of 653 AGEB, 81 satellites dropped
22:53:44 Culiacán: 572 polygons, 529 join with a label, 2 municipalities
22:53:44 Culiacán: 529 AGEB, box ~2479x2024 px @10 m
22:53:44 already here: 15_mexico.zip (226.7 MB)
22:53:44 reading 15a.shp
22:53:45 Ecatepec de Morelos: 800 polygons, 798 join with a label, 13 municipalities
22:53:45 Ecatepec de Morelos: 798 AGEB, box ~2439x3068 px @10 m
22:53:45 already here: 23_quintanaroo.zip (37.9 MB)
22:53:45 reading 23a.shp
22:53:45 connected mass: 37 of 67 AGEB, 30 satellites dropped
22:53:45 Felipe Carrillo Puerto: 37 polygons, 37 join with a label, 1 municipalities
22:53:45 Felipe Carrillo Puerto: 37 AGEB, box ~523x417 px @10 m
22:53:45 already here: 32_zacatecas.zip (74.4 MB)
22:53:45 reading 32a.shp
22:53:45 connected mass: 312 of 345 AGEB, 33 satellites dropped
22:53:45 Guadalupe: 312 polygons, 288 join with a label, 3 municipalities
22:53:45 Guadalupe: 288 AGEB, box ~1419x2120 px @10 m
22:53:45 already here: 11_guanajuato.zip (133.2 MB)
22:53:45 reading 11a.shp
22:53:45 connected mass: 178 of 183 AGEB, 5 satellites dropped
22:53:45 Guanajuato: 178 polygons, 165 join with a label, 3 municipalities
22:53:45 Guanajuato: 165 AGEB, box ~1413x2904 px @10 m
22:53:45 already here: 15_mexico.zip (226.7 MB)
22:53:45 reading 15a.shp
22:53:46 Naucalpan de Juárez: 400 polygons, 396 join with a label, 5 municipalities
22:53:46 Naucalpan de Juárez: 396 AGEB, box ~2527x2397 px @10 m
22:53:46 already here: 30_veracruzignaciodelallave.zip (183.8 MB)
22:53:46 reading 30a.shp
22:53:46 connected mass: 52 of 57 AGEB, 5 satellites dropped
22:53:46 Papantla: 52 polygons, 52 join with a label, 1 municipalities
22:53:46 Papantla: 52 AGEB, box ~791x1329 px @10 m
22:53:46 already here: 26_sonora.zip (74.0 MB)
22:53:46 reading 26a.shp
22:53:46 connected mass: 239 of 291 AGEB, 52 satellites dropped
22:53:46 San Luis Río Colorado: 239 polygons, 218 join with a label, 1 municipalities
22:53:46 San Luis Río Colorado: 218 AGEB, box ~1340x1114 px @10 m
22:53:46 already here: 07_chiapas.zip (108.8 MB)
22:53:46 reading 07a.shp
22:53:47 connected mass: 162 of 207 AGEB, 45 satellites dropped
22:53:47 Tapachula: 162 polygons, 162 join with a label, 1 municipalities
22:53:47 Tapachula: 162 AGEB, box ~985x1147 px @10 m
22:53:47 already here: 05_coahuiladezaragoza.zip (67.3 MB)
22:53:47 reading 05a.shp
22:53:47 Torreón: 355 polygons, 345 join with a label, 2 municipalities
22:53:47 Torreón: 345 AGEB, box ~2425x1850 px @10 m
22:53:47 already here: 24_sanluispotosi.zip (91.2 MB)
22:53:47 reading 24a.shp
22:53:47 connected mass: 21 of 76 AGEB, 55 satellites dropped
22:53:47 Villa de Ramos: 21 polygons, 20 join with a label, 1 municipalities
22:53:47 Villa de Ramos: 20 AGEB, box ~276x386 px @10 m
radar · radius 1 · 342 training bags · 37 held
22:54:00 epoch 1 · loss 0.39193 · bag MAE 0.1490 · map AUROC 0.584 · within -0.009
22:54:03 epoch 2 · loss 0.34642 · bag MAE 0.1411 · map AUROC 0.615 · within -0.004
22:54:06 epoch 3 · loss 0.33609 · bag MAE 0.1417 · map AUROC 0.625 · within -0.008
22:54:09 epoch 4 · loss 0.32641 · bag MAE 0.1431 · map AUROC 0.630 · within -0.010
22:54:12 epoch 5 · loss 0.31916 · bag MAE 0.1429 · map AUROC 0.642 · within -0.001
22:54:15 epoch 6 · loss 0.31496 · bag MAE 0.1444 · map AUROC 0.638 · within -0.007
22:54:18 epoch 7 · loss 0.30432 · bag MAE 0.1420 · map AUROC 0.639 · within +0.000
22:54:21 epoch 8 · loss 0.30245 · bag MAE 0.1394 · map AUROC 0.638 · within +0.008
22:54:24 epoch 9 · loss 0.29963 · bag MAE 0.1431 · map AUROC 0.654 · within +0.004
22:54:27 epoch 10 · loss 0.29469 · bag MAE 0.1426 · map AUROC 0.632 · within -0.007
22:54:30 epoch 11 · loss 0.29255 · bag MAE 0.1446 · map AUROC 0.633 · within -0.008
22:54:32 epoch 12 · loss 0.28840 · bag MAE 0.1401 · map AUROC 0.641 · within +0.010
22:54:35 epoch 13 · loss 0.28654 · bag MAE 0.1408 · map AUROC 0.643 · within +0.009
22:54:38 epoch 14 · loss 0.28224 · bag MAE 0.1422 · map AUROC 0.638 · within +0.001
22:54:41 epoch 15 · loss 0.27959 · bag MAE 0.1388 · map AUROC 0.656 · within +0.013
22:54:44 epoch 16 · loss 0.27871 · bag MAE 0.1406 · map AUROC 0.658 · within +0.015
22:54:47 epoch 17 · loss 0.27629 · bag MAE 0.1342 · map AUROC 0.656 · within +0.017
22:54:50 epoch 18 · loss 0.27372 · bag MAE 0.1343 · map AUROC 0.652 · within +0.019
22:54:53 epoch 19 · loss 0.27109 · bag MAE 0.1394 · map AUROC 0.654 · within +0.009
22:54:56 epoch 20 · loss 0.27031 · bag MAE 0.1340 · map AUROC 0.657 · within +0.023
22:54:59 epoch 21 · loss 0.26804 · bag MAE 0.1364 · map AUROC 0.656 · within +0.025
22:55:02 epoch 22 · loss 0.26641 · bag MAE 0.1377 · map AUROC 0.660 · within +0.028
22:55:05 epoch 23 · loss 0.26543 · bag MAE 0.1399 · map AUROC 0.663 · within +0.020
22:55:08 epoch 24 · loss 0.26213 · bag MAE 0.1412 · map AUROC 0.669 · within +0.020
22:55:11 epoch 25 · loss 0.26322 · bag MAE 0.1343 · map AUROC 0.664 · within +0.020
22:55:13 epoch 26 · loss 0.26203 · bag MAE 0.1355 · map AUROC 0.665 · within +0.016
22:55:17 epoch 27 · loss 0.25900 · bag MAE 0.1395 · map AUROC 0.657 · within +0.020
22:55:19 epoch 28 · loss 0.25877 · bag MAE 0.1330 · map AUROC 0.652 · within +0.014
22:55:22 epoch 29 · loss 0.25713 · bag MAE 0.1328 · map AUROC 0.657 · within +0.027
22:55:25 epoch 30 · loss 0.25463 · bag MAE 0.1338 · map AUROC 0.668 · within +0.022

===== VALIDATION =====
radar · radius 1 · tuned True · map AUROC 0.657 · within-bag +0.027 over 34 bags · pooled +0.228 · bag MAE 0.1328
