14:28:53 138 cities with at least 150 AGEB
110 training cities · 5 folds · 5 configurations
14:28:54 aguascalientes: 803 instances without a counterpart dropped
14:28:54 champoton: 21 instances without a counterpart dropped
14:28:56 morelia: 103 instances without a counterpart dropped
14:28:56 patzcuaro: 53 instances without a counterpart dropped
14:28:57 zacapu: 67 instances without a counterpart dropped
14:28:57 252 bags of 88 cities · 299129 instances · median 660 per bag
14:28:58 santodomingotehuantepec: 117 instances without a counterpart dropped
14:28:58 trancoso: 2 instances without a counterpart dropped
14:28:58 81 bags of 22 cities · 128003 instances · median 835 per bag
14:28:58 already here: 11_guanajuato.zip (133.2 MB)
14:28:58 reading 11a.shp
14:28:59 connected mass: 61 of 126 AGEB, 65 satellites dropped
14:28:59 Yuriria: 61 polygons, 52 join with a label, 2 municipalities
14:28:59 Yuriria: 52 AGEB, box ~744x868 px @10 m
14:28:59 already here: 24_sanluispotosi.zip (91.2 MB)
14:28:59 reading 24a.shp
14:28:59 San Luis Potosí: 521 polygons, 493 join with a label, 3 municipalities
14:28:59 San Luis Potosí: 493 AGEB, box ~3318x2402 px @10 m
14:28:59 already here: 19_nuevoleon.zip (91.4 MB)
14:28:59 reading 19a.shp
14:28:59 Guadalupe: 820 polygons, 783 join with a label, 7 municipalities
14:28:59 Guadalupe: 783 AGEB, box ~2752x2470 px @10 m
14:28:59 already here: 15_mexico.zip (226.7 MB)
14:28:59 reading 15a.shp
14:29:00 Tlalnepantla de Baz: 756 polygons, 750 join with a label, 7 municipalities
14:29:00 Tlalnepantla de Baz: 750 AGEB, box ~3002x2489 px @10 m
14:29:00 already here: 15_mexico.zip (226.7 MB)
14:29:00 reading 15a.shp
14:29:00 Toluca: 444 polygons, 439 join with a label, 11 municipalities
14:29:00 Toluca: 439 AGEB, box ~3216x3277 px @10 m
14:29:00 already here: 12_guerrero.zip (125.7 MB)
14:29:00 reading 12a.shp
14:29:01 connected mass: 64 of 68 AGEB, 4 satellites dropped
14:29:01 Chilapa de Álvarez: 64 polygons, 64 join with a label, 2 municipalities
14:29:01 Chilapa de Álvarez: 64 AGEB, box ~1167x1357 px @10 m
14:29:01 already here: 12_guerrero.zip (125.7 MB)
14:29:01 reading 12a.shp
14:29:01 connected mass: 27 of 52 AGEB, 25 satellites dropped
14:29:01 Técpan de Galeana: 27 polygons, 27 join with a label, 1 municipalities
14:29:01 Técpan de Galeana: 27 AGEB, box ~402x558 px @10 m
14:29:01 already here: 09_ciudaddemexico.zip (83.2 MB)
14:29:01 reading 09a.shp
14:29:01 Gustavo A. Madero: 717 polygons, 706 join with a label, 7 municipalities
14:29:01 Gustavo A. Madero: 706 AGEB, box ~1823x2300 px @10 m
14:29:01 already here: 05_coahuiladezaragoza.zip (67.3 MB)
14:29:01 reading 05a.shp
14:29:01 Saltillo: 416 polygons, 403 join with a label, 3 municipalities
14:29:01 Saltillo: 403 AGEB, box ~2327x2624 px @10 m
14:29:01 already here: 25_sinaloa.zip (71.9 MB)
14:29:01 reading 25a.shp
14:29:02 connected mass: 97 of 195 AGEB, 98 satellites dropped
14:29:02 Guasave: 97 polygons, 91 join with a label, 1 municipalities
14:29:02 Guasave: 91 AGEB, box ~1001x914 px @10 m
14:29:02 already here: 20_oaxaca.zip (174.6 MB)
14:29:02 reading 20a.shp
14:29:02 connected mass: 87 of 90 AGEB, 3 satellites dropped
14:29:02 Santo Domingo Tehuantepec: 87 polygons, 87 join with a label, 4 municipalities
14:29:02 Santo Domingo Tehuantepec: 87 AGEB, box ~1155x2176 px @10 m
14:29:02 already here: 25_sinaloa.zip (71.9 MB)
14:29:02 reading 25a.shp
14:29:02 connected mass: 252 of 374 AGEB, 122 satellites dropped
14:29:02 Ahome: 252 polygons, 230 join with a label, 1 municipalities
14:29:02 Ahome: 230 AGEB, box ~1345x1412 px @10 m
14:29:02 already here: 32_zacatecas.zip (74.4 MB)
14:29:02 reading 32a.shp
14:29:02 Trancoso: 63 polygons, 59 join with a label, 1 municipalities
14:29:02 Trancoso: 59 AGEB, box ~426x298 px @10 m
14:29:02 already here: 11_guanajuato.zip (133.2 MB)
14:29:02 reading 11a.shp
14:29:03 connected mass: 78 of 86 AGEB, 8 satellites dropped
14:29:03 Valle de Santiago: 78 polygons, 70 join with a label, 1 municipalities
14:29:03 Valle de Santiago: 70 AGEB, box ~989x652 px @10 m
14:29:03 already here: 07_chiapas.zip (108.8 MB)
14:29:03 reading 07a.shp
14:29:03 San Cristóbal de las Casas: 77 polygons, 74 join with a label, 3 municipalities
14:29:03 San Cristóbal de las Casas: 74 AGEB, box ~1432x1092 px @10 m
14:29:03 already here: 31_yucatan.zip (50.6 MB)
14:29:03 reading 31a.shp
14:29:03 Mérida: 636 polygons, 627 join with a label, 6 municipalities
14:29:03 Mérida: 627 AGEB, box ~2685x3716 px @10 m
14:29:03 already here: 09_ciudaddemexico.zip (83.2 MB)
14:29:03 reading 09a.shp
14:29:03 Iztapalapa: 1138 polygons, 1128 join with a label, 12 municipalities
14:29:03 Iztapalapa: 1128 AGEB, box ~2595x2467 px @10 m
14:29:03 already here: 32_zacatecas.zip (74.4 MB)
14:29:03 reading 32a.shp
14:29:04 Zacatecas: 313 polygons, 289 join with a label, 4 municipalities
14:29:04 Zacatecas: 289 AGEB, box ~1719x1406 px @10 m
14:29:04 already here: 26_sonora.zip (74.0 MB)
14:29:04 reading 26a.shp
14:29:04 connected mass: 587 of 665 AGEB, 78 satellites dropped
14:29:04 Hermosillo: 587 polygons, 551 join with a label, 1 municipalities
14:29:04 Hermosillo: 551 AGEB, box ~2075x2293 px @10 m
14:29:04 already here: 14_jalisco.zip (142.6 MB)
14:29:04 reading 14a.shp
14:29:05 San Pedro Tlaquepaque: 1089 polygons, 1078 join with a label, 6 municipalities
14:29:05 San Pedro Tlaquepaque: 1078 AGEB, box ~3527x2353 px @10 m
14:29:05 already here: 30_veracruzignaciodelallave.zip (183.8 MB)
14:29:05 reading 30a.shp
14:29:05 San Andrés Tuxtla: 72 polygons, 72 join with a label, 2 municipalities
14:29:05 San Andrés Tuxtla: 72 AGEB, box ~1385x953 px @10 m
14:29:05 already here: 08_chihuahua.zip (105.8 MB)
14:29:05 reading 08a.shp
14:29:05 Juárez: 664 polygons, 633 join with a label, 1 municipalities
14:29:05 Juárez: 633 AGEB, box ~3088x2937 px @10 m
14:29:51 fold 0 · standardize  · bag MAE 0.0898 · map AUROC 0.769 · within +0.184
14:30:33 fold 0 · std + bce    · bag MAE 0.0894 · map AUROC 0.781 · within +0.184
14:31:01 fold 0 · std + lr 5e-4 · bag MAE 0.0912 · map AUROC 0.761 · within +0.170
14:31:42 fold 0 · std + bce + lr 5e-4 · bag MAE 0.0887 · map AUROC 0.762 · within +0.180
14:32:11 fold 0 · std + lr 1e-3 · bag MAE 0.0905 · map AUROC 0.761 · within +0.167
14:32:11 aguascalientes: 803 instances without a counterpart dropped
14:32:12 champoton: 21 instances without a counterpart dropped
14:32:14 morelia: 103 instances without a counterpart dropped
14:32:15 santodomingotehuantepec: 117 instances without a counterpart dropped
14:32:15 trancoso: 2 instances without a counterpart dropped
14:32:16 zacapu: 67 instances without a counterpart dropped
14:32:16 281 bags of 88 cities · 369060 instances · median 754 per bag
14:32:16 patzcuaro: 53 instances without a counterpart dropped
14:32:16 52 bags of 22 cities · 58072 instances · median 417 per bag
14:32:16 already here: 06_colima.zip (29.0 MB)
14:32:16 reading 06a.shp
14:32:17 connected mass: 90 of 102 AGEB, 12 satellites dropped
14:32:17 Tecomán: 90 polygons, 90 join with a label, 2 municipalities
14:32:17 Tecomán: 90 AGEB, box ~1399x985 px @10 m
14:32:17 already here: 25_sinaloa.zip (71.9 MB)
14:32:17 reading 25a.shp
14:32:17 connected mass: 30 of 69 AGEB, 39 satellites dropped
14:32:17 El Fuerte: 30 polygons, 28 join with a label, 1 municipalities
14:32:17 El Fuerte: 28 AGEB, box ~340x416 px @10 m
14:32:17 already here: 02_bajacalifornia.zip (68.3 MB)
14:32:17 reading 02a.shp
14:32:17 connected mass: 737 of 746 AGEB, 9 satellites dropped
14:32:17 Tijuana: 737 polygons, 726 join with a label, 2 municipalities
14:32:17 Tijuana: 726 AGEB, box ~3763x2238 px @10 m
14:32:17 already here: 11_guanajuato.zip (133.2 MB)
14:32:17 reading 11a.shp
14:32:18 Salvatierra: 189 polygons, 152 join with a label, 4 municipalities
14:32:18 Salvatierra: 152 AGEB, box ~2374x1655 px @10 m
14:32:18 already here: 21_puebla.zip (152.1 MB)
14:32:18 reading 21a.shp
14:32:18 Atlixco: 77 polygons, 77 join with a label, 5 municipalities
14:32:18 Atlixco: 77 AGEB, box ~2590x1604 px @10 m
14:32:18 already here: 10_durango.zip (61.6 MB)
14:32:18 reading 10a.shp
14:32:18 connected mass: 45 of 57 AGEB, 12 satellites dropped
14:32:18 Pueblo Nuevo: 45 polygons, 41 join with a label, 1 municipalities
14:32:18 Pueblo Nuevo: 41 AGEB, box ~572x456 px @10 m
14:32:18 already here: 16_michoacandeocampo.zip (122.2 MB)
14:32:18 reading 16a.shp
14:32:18 connected mass: 156 of 158 AGEB, 2 satellites dropped
14:32:18 Lázaro Cárdenas: 156 polygons, 150 join with a label, 1 municipalities
14:32:18 Lázaro Cárdenas: 150 AGEB, box ~2470x1543 px @10 m
14:32:18 already here: 19_nuevoleon.zip (91.4 MB)
14:32:18 reading 19a.shp
14:32:19 Juárez: 385 polygons, 379 join with a label, 6 municipalities
14:32:19 Juárez: 379 AGEB, box ~2426x2241 px @10 m
14:32:19 already here: 11_guanajuato.zip (133.2 MB)
14:32:19 reading 11a.shp
14:32:19 San Luis de la Paz: 89 polygons, 84 join with a label, 1 municipalities
14:32:19 San Luis de la Paz: 84 AGEB, box ~709x1163 px @10 m
14:32:19 already here: 25_sinaloa.zip (71.9 MB)
14:32:19 reading 25a.shp
14:32:19 connected mass: 294 of 328 AGEB, 34 satellites dropped
14:32:19 Mazatlán: 294 polygons, 280 join with a label, 1 municipalities
14:32:19 Mazatlán: 280 AGEB, box ~1801x1617 px @10 m
14:32:19 already here: 02_bajacalifornia.zip (68.3 MB)
14:32:19 reading 02a.shp
14:32:20 connected mass: 280 of 307 AGEB, 27 satellites dropped
14:32:20 Ensenada: 280 polygons, 277 join with a label, 1 municipalities
14:32:20 Ensenada: 277 AGEB, box ~2107x2857 px @10 m
14:32:20 already here: 26_sonora.zip (74.0 MB)
14:32:20 reading 26a.shp
14:32:20 Agua Prieta: 179 polygons, 168 join with a label, 1 municipalities
14:32:20 Agua Prieta: 168 AGEB, box ~1064x897 px @10 m
14:32:20 already here: 32_zacatecas.zip (74.4 MB)
14:32:20 reading 32a.shp
14:32:20 connected mass: 29 of 68 AGEB, 39 satellites dropped
14:32:20 Villa de Cos: 29 polygons, 29 join with a label, 1 municipalities
14:32:20 Villa de Cos: 29 AGEB, box ~330x296 px @10 m
14:32:20 already here: 30_veracruzignaciodelallave.zip (183.8 MB)
14:32:20 reading 30a.shp
14:32:20 Veracruz: 390 polygons, 383 join with a label, 4 municipalities
14:32:20 Veracruz: 383 AGEB, box ~2802x1880 px @10 m
14:32:20 already here: 16_michoacandeocampo.zip (122.2 MB)
14:32:20 reading 16a.shp
14:32:21 connected mass: 61 of 71 AGEB, 10 satellites dropped
14:32:21 Pátzcuaro: 61 polygons, 58 join with a label, 2 municipalities
14:32:21 Pátzcuaro: 58 AGEB, box ~622x972 px @10 m
14:32:21 already here: 28_tamaulipas.zip (80.0 MB)
14:32:21 reading 28a.shp
14:32:21 connected mass: 332 of 345 AGEB, 13 satellites dropped
14:32:21 Matamoros: 332 polygons, 311 join with a label, 1 municipalities
14:32:21 Matamoros: 311 AGEB, box ~1969x1625 px @10 m
14:32:21 already here: 13_hidalgo.zip (110.0 MB)
14:32:21 reading 13a.shp
14:32:21 Pachuca de Soto: 398 polygons, 392 join with a label, 6 municipalities
14:32:21 Pachuca de Soto: 392 AGEB, box ~2608x2297 px @10 m
14:32:21 already here: 10_durango.zip (61.6 MB)
14:32:21 reading 10a.shp
14:32:21 connected mass: 276 of 302 AGEB, 26 satellites dropped
14:32:21 Lerdo: 276 polygons, 263 join with a label, 2 municipalities
14:32:21 Lerdo: 263 AGEB, box ~2395x1850 px @10 m
14:32:21 already here: 07_chiapas.zip (108.8 MB)
14:32:21 reading 07a.shp
14:32:22 Tuxtla Gutiérrez: 260 polygons, 259 join with a label, 3 municipalities
14:32:22 Tuxtla Gutiérrez: 259 AGEB, box ~3183x1442 px @10 m
14:32:22 already here: 21_puebla.zip (152.1 MB)
14:32:22 reading 21a.shp
14:32:22 San Martín Texmelucan: 102 polygons, 101 join with a label, 7 municipalities
14:32:22 San Martín Texmelucan: 101 AGEB, box ~1986x1644 px @10 m
14:32:22 already here: 02_bajacalifornia.zip (68.3 MB)
14:32:22 reading 02a.shp
14:32:22 connected mass: 39 of 88 AGEB, 49 satellites dropped
14:32:22 San Quintín: 39 polygons, 38 join with a label, 1 municipalities
14:32:22 San Quintín: 38 AGEB, box ~544x1267 px @10 m
14:32:22 already here: 25_sinaloa.zip (71.9 MB)
14:32:22 reading 25a.shp
14:32:22 connected mass: 31 of 105 AGEB, 74 satellites dropped
14:32:22 Navolato: 31 polygons, 30 join with a label, 1 municipalities
14:32:22 Navolato: 30 AGEB, box ~423x259 px @10 m
14:33:07 fold 1 · standardize  · bag MAE 0.1160 · map AUROC 0.738 · within +0.174
14:33:50 fold 1 · std + bce    · bag MAE 0.1114 · map AUROC 0.753 · within +0.195
14:34:33 fold 1 · std + lr 5e-4 · bag MAE 0.1133 · map AUROC 0.740 · within +0.170
14:35:15 fold 1 · std + bce + lr 5e-4 · bag MAE 0.1092 · map AUROC 0.749 · within +0.174
14:35:52 fold 1 · std + lr 1e-3 · bag MAE 0.1161 · map AUROC 0.705 · within +0.163
14:35:53 aguascalientes: 803 instances without a counterpart dropped
14:35:53 champoton: 21 instances without a counterpart dropped
14:35:55 morelia: 103 instances without a counterpart dropped
14:35:55 patzcuaro: 53 instances without a counterpart dropped
14:35:56 santodomingotehuantepec: 117 instances without a counterpart dropped
14:35:56 trancoso: 2 instances without a counterpart dropped
14:35:57 zacapu: 67 instances without a counterpart dropped
14:35:57 285 bags of 88 cities · 362831 instances · median 696 per bag
14:35:58 48 bags of 22 cities · 64301 instances · median 744 per bag
14:35:58 already here: 20_oaxaca.zip (174.6 MB)
14:35:58 reading 20a.shp
14:35:58 Heroica Ciudad de Huajuapan de León: 72 polygons, 69 join with a label, 3 municipalities
14:35:58 Heroica Ciudad de Huajuapan de León: 69 AGEB, box ~1459x780 px @10 m
14:35:58 already here: 26_sonora.zip (74.0 MB)
14:35:58 reading 26a.shp
14:35:58 connected mass: 317 of 334 AGEB, 17 satellites dropped
14:35:58 Cajeme: 317 polygons, 294 join with a label, 1 municipalities
14:35:58 Cajeme: 294 AGEB, box ~1421x1880 px @10 m
14:35:58 already here: 23_quintanaroo.zip (37.9 MB)
14:35:58 reading 23a.shp
14:35:58 connected mass: 166 of 175 AGEB, 9 satellites dropped
14:35:58 Solidaridad: 166 polygons, 158 join with a label, 1 municipalities
14:35:58 Solidaridad: 158 AGEB, box ~1135x1242 px @10 m
14:35:58 already here: 23_quintanaroo.zip (37.9 MB)
14:35:58 reading 23a.shp
14:35:58 Benito Juárez: 448 polygons, 426 join with a label, 2 municipalities
14:35:58 Benito Juárez: 426 AGEB, box ~2446x2263 px @10 m
14:35:58 already here: 26_sonora.zip (74.0 MB)
14:35:58 reading 26a.shp
14:35:59 connected mass: 167 of 199 AGEB, 32 satellites dropped
14:35:59 Guaymas: 167 polygons, 154 join with a label, 2 municipalities
14:35:59 Guaymas: 154 AGEB, box ~1823x1342 px @10 m
14:35:59 already here: 30_veracruzignaciodelallave.zip (183.8 MB)
14:35:59 reading 30a.shp
14:35:59 Xalapa: 223 polygons, 223 join with a label, 7 municipalities
14:35:59 Xalapa: 223 AGEB, box ~1617x1837 px @10 m
14:35:59 already here: 28_tamaulipas.zip (80.0 MB)
14:35:59 reading 28a.shp
14:35:59 connected mass: 264 of 275 AGEB, 11 satellites dropped
14:35:59 Altamira: 264 polygons, 254 join with a label, 3 municipalities
14:35:59 Altamira: 254 AGEB, box ~1813x1937 px @10 m
14:35:59 already here: 28_tamaulipas.zip (80.0 MB)
14:35:59 reading 28a.shp
14:36:00 Reynosa: 400 polygons, 375 join with a label, 2 municipalities
14:36:00 Reynosa: 375 AGEB, box ~3284x2203 px @10 m
14:36:00 already here: 11_guanajuato.zip (133.2 MB)
14:36:00 reading 11a.shp
14:36:00 Celaya: 368 polygons, 346 join with a label, 5 municipalities
14:36:00 Celaya: 346 AGEB, box ~2698x3069 px @10 m
14:36:00 already here: 28_tamaulipas.zip (80.0 MB)
14:36:00 reading 28a.shp
14:36:00 connected mass: 62 of 71 AGEB, 9 satellites dropped
14:36:00 San Fernando: 62 polygons, 58 join with a label, 1 municipalities
14:36:00 San Fernando: 58 AGEB, box ~691x502 px @10 m
14:36:00 already here: 14_jalisco.zip (142.6 MB)
14:36:00 reading 14a.shp
14:36:01 connected mass: 240 of 256 AGEB, 16 satellites dropped
14:36:01 Puerto Vallarta: 240 polygons, 234 join with a label, 1 municipalities
14:36:01 Puerto Vallarta: 234 AGEB, box ~1010x1634 px @10 m
14:36:01 already here: 20_oaxaca.zip (174.6 MB)
14:36:01 reading 20a.shp
14:36:01 connected mass: 49 of 55 AGEB, 6 satellites dropped
14:36:01 Santiago Pinotepa Nacional: 49 polygons, 47 join with a label, 1 municipalities
14:36:01 Santiago Pinotepa Nacional: 47 AGEB, box ~583x452 px @10 m
14:36:01 already here: 15_mexico.zip (226.7 MB)
14:36:01 reading 15a.shp
14:36:01 Nezahualcóyotl: 532 polygons, 532 join with a label, 8 municipalities
14:36:01 Nezahualcóyotl: 532 AGEB, box ~2376x2642 px @10 m
14:36:01 already here: 03_bajacaliforniasur.zip (32.8 MB)
14:36:01 reading 03a.shp
14:36:02 Los Cabos: 277 polygons, 258 join with a label, 1 municipalities
14:36:02 Los Cabos: 258 AGEB, box ~3675x3678 px @10 m
14:36:02 already here: 11_guanajuato.zip (133.2 MB)
14:36:02 reading 11a.shp
14:36:02 connected mass: 701 of 704 AGEB, 3 satellites dropped
14:36:02 León: 701 polygons, 669 join with a label, 3 municipalities
14:36:02 León: 669 AGEB, box ~3260x2725 px @10 m
14:36:02 already here: 21_puebla.zip (152.1 MB)
14:36:02 reading 21a.shp
14:36:03 Tehuacán: 157 polygons, 156 join with a label, 5 municipalities
14:36:03 Tehuacán: 156 AGEB, box ~3288x2814 px @10 m
14:36:03 already here: 26_sonora.zip (74.0 MB)
14:36:03 reading 26a.shp
14:36:03 connected mass: 107 of 133 AGEB, 26 satellites dropped
14:36:03 Caborca: 107 polygons, 91 join with a label, 1 municipalities
14:36:03 Caborca: 91 AGEB, box ~1168x836 px @10 m
14:36:03 already here: 28_tamaulipas.zip (80.0 MB)
14:36:03 reading 28a.shp
14:36:03 Nuevo Laredo: 266 polygons, 252 join with a label, 1 municipalities
14:36:03 Nuevo Laredo: 252 AGEB, box ~1476x2180 px @10 m
14:36:03 already here: 10_durango.zip (61.6 MB)
14:36:03 reading 10a.shp
14:36:03 connected mass: 267 of 270 AGEB, 3 satellites dropped
14:36:03 Gómez Palacio: 267 polygons, 255 join with a label, 2 municipalities
14:36:03 Gómez Palacio: 255 AGEB, box ~1363x2150 px @10 m
14:36:03 already here: 16_michoacandeocampo.zip (122.2 MB)
14:36:03 reading 16a.shp
14:36:03 Apatzingán: 75 polygons, 74 join with a label, 1 municipalities
14:36:03 Apatzingán: 74 AGEB, box ~984x873 px @10 m
14:36:03 already here: 07_chiapas.zip (108.8 MB)
14:36:03 reading 07a.shp
14:36:04 connected mass: 37 of 93 AGEB, 56 satellites dropped
14:36:04 Ocosingo: 37 polygons, 32 join with a label, 1 municipalities
14:36:04 Ocosingo: 32 AGEB, box ~289x309 px @10 m
14:36:04 already here: 14_jalisco.zip (142.6 MB)
14:36:04 reading 14a.shp
14:36:04 Guadalajara: 1124 polygons, 1111 join with a label, 6 municipalities
14:36:04 Guadalajara: 1111 AGEB, box ~2805x2555 px @10 m
14:36:28 fold 2 · standardize  · bag MAE 0.1241 · map AUROC 0.750 · within +0.238
14:36:52 fold 2 · std + bce    · bag MAE 0.1184 · map AUROC 0.753 · within +0.238
14:37:15 fold 2 · std + lr 5e-4 · bag MAE 0.1223 · map AUROC 0.734 · within +0.226
14:37:49 fold 2 · std + bce + lr 5e-4 · bag MAE 0.1187 · map AUROC 0.727 · within +0.213
14:38:02 fold 2 · std + lr 1e-3 · bag MAE 0.1190 · map AUROC 0.718 · within +0.203
14:38:02 aguascalientes: 803 instances without a counterpart dropped
14:38:03 champoton: 21 instances without a counterpart dropped
14:38:04 morelia: 103 instances without a counterpart dropped
14:38:04 patzcuaro: 53 instances without a counterpart dropped
14:38:05 santodomingotehuantepec: 117 instances without a counterpart dropped
14:38:06 trancoso: 2 instances without a counterpart dropped
14:38:06 zacapu: 67 instances without a counterpart dropped
14:38:06 264 bags of 88 cities · 336734 instances · median 636 per bag
14:38:07 69 bags of 22 cities · 90398 instances · median 892 per bag
14:38:07 already here: 09_ciudaddemexico.zip (83.2 MB)
14:38:07 reading 09a.shp
14:38:07 Álvaro Obregón: 763 polygons, 758 join with a label, 10 municipalities
14:38:07 Álvaro Obregón: 758 AGEB, box ~2387x2431 px @10 m
14:38:07 already here: 12_guerrero.zip (125.7 MB)
14:38:07 reading 12a.shp
14:38:08 connected mass: 235 of 246 AGEB, 11 satellites dropped
14:38:08 Chilpancingo de los Bravo: 235 polygons, 228 join with a label, 2 municipalities
14:38:08 Chilpancingo de los Bravo: 228 AGEB, box ~1030x2882 px @10 m
14:38:08 already here: 18_nayarit.zip (46.4 MB)
14:38:08 reading 18a.shp
14:38:08 connected mass: 178 of 181 AGEB, 3 satellites dropped
14:38:08 Bahía de Banderas: 178 polygons, 169 join with a label, 1 municipalities
14:38:08 Bahía de Banderas: 169 AGEB, box ~2210x1609 px @10 m
14:38:08 already here: 09_ciudaddemexico.zip (83.2 MB)
14:38:08 reading 09a.shp
14:38:08 Cuauhtémoc: 976 polygons, 963 join with a label, 10 municipalities
14:38:08 Cuauhtémoc: 963 AGEB, box ~2010x1941 px @10 m
14:38:08 already here: 16_michoacandeocampo.zip (122.2 MB)
14:38:08 reading 16a.shp
14:38:09 connected mass: 143 of 146 AGEB, 3 satellites dropped
14:38:09 Zamora: 143 polygons, 138 join with a label, 2 municipalities
14:38:09 Zamora: 138 AGEB, box ~1450x1729 px @10 m
14:38:09 already here: 18_nayarit.zip (46.4 MB)
14:38:09 reading 18a.shp
14:38:09 Tepic: 281 polygons, 273 join with a label, 2 municipalities
14:38:09 Tepic: 273 AGEB, box ~1642x1938 px @10 m
14:38:09 already here: 10_durango.zip (61.6 MB)
14:38:09 reading 10a.shp
14:38:09 Durango: 485 polygons, 459 join with a label, 1 municipalities
14:38:09 Durango: 459 AGEB, box ~1905x1879 px @10 m
14:38:09 already here: 30_veracruzignaciodelallave.zip (183.8 MB)
14:38:09 reading 30a.shp
14:38:09 connected mass: 51 of 54 AGEB, 3 satellites dropped
14:38:09 Tierra Blanca: 51 polygons, 51 join with a label, 1 municipalities
14:38:09 Tierra Blanca: 51 AGEB, box ~433x464 px @10 m
14:38:09 already here: 32_zacatecas.zip (74.4 MB)
14:38:09 reading 32a.shp
14:38:10 connected mass: 188 of 261 AGEB, 73 satellites dropped
14:38:10 Fresnillo: 188 polygons, 165 join with a label, 1 municipalities
14:38:10 Fresnillo: 165 AGEB, box ~1417x1007 px @10 m
14:38:10 already here: 20_oaxaca.zip (174.6 MB)
14:38:10 reading 20a.shp
14:38:10 connected mass: 73 of 100 AGEB, 27 satellites dropped
14:38:10 Juchitán de Zaragoza: 73 polygons, 72 join with a label, 4 municipalities
14:38:10 Juchitán de Zaragoza: 72 AGEB, box ~832x1909 px @10 m
14:38:10 already here: 08_chihuahua.zip (105.8 MB)
14:38:10 reading 08a.shp
14:38:10 Chihuahua: 700 polygons, 675 join with a label, 3 municipalities
14:38:10 Chihuahua: 675 AGEB, box ~2901x2704 px @10 m
14:38:10 already here: 13_hidalgo.zip (110.0 MB)
14:38:10 reading 13a.shp
14:38:11 Mineral de la Reforma: 370 polygons, 365 join with a label, 4 municipalities
14:38:11 Mineral de la Reforma: 365 AGEB, box ~1740x1793 px @10 m
14:38:11 already here: 18_nayarit.zip (46.4 MB)
14:38:11 reading 18a.shp
14:38:11 connected mass: 21 of 62 AGEB, 41 satellites dropped
14:38:11 Compostela: 21 polygons, 21 join with a label, 1 municipalities
14:38:11 Compostela: 21 AGEB, box ~432x411 px @10 m
14:38:11 already here: 12_guerrero.zip (125.7 MB)
14:38:11 reading 12a.shp
14:38:11 connected mass: 532 of 542 AGEB, 10 satellites dropped
14:38:11 Acapulco de Juárez: 532 polygons, 527 join with a label, 2 municipalities
14:38:11 Acapulco de Juárez: 527 AGEB, box ~3305x3304 px @10 m
14:38:11 already here: 09_ciudaddemexico.zip (83.2 MB)
14:38:11 reading 09a.shp
14:38:12 Tlalpan: 697 polygons, 695 join with a label, 8 municipalities
14:38:12 Tlalpan: 695 AGEB, box ~2709x2716 px @10 m
14:38:12 already here: 07_chiapas.zip (108.8 MB)
14:38:12 reading 07a.shp
14:38:12 connected mass: 26 of 58 AGEB, 32 satellites dropped
14:38:12 Villaflores: 26 polygons, 26 join with a label, 2 municipalities
14:38:12 Villaflores: 26 AGEB, box ~713x1039 px @10 m
14:38:12 already here: 12_guerrero.zip (125.7 MB)
14:38:12 reading 12a.shp
14:38:12 Zihuatanejo de Azueta: 140 polygons, 135 join with a label, 1 municipalities
14:38:12 Zihuatanejo de Azueta: 135 AGEB, box ~1964x1527 px @10 m
14:38:12 already here: 27_tabasco.zip (50.9 MB)
14:38:12 reading 27a.shp
14:38:12 connected mass: 64 of 79 AGEB, 15 satellites dropped
14:38:12 Cárdenas: 64 polygons, 64 join with a label, 3 municipalities
14:38:12 Cárdenas: 64 AGEB, box ~3369x1899 px @10 m
14:38:12 already here: 16_michoacandeocampo.zip (122.2 MB)
14:38:12 reading 16a.shp
14:38:13 connected mass: 184 of 198 AGEB, 14 satellites dropped
14:38:13 Uruapan: 184 polygons, 184 join with a label, 2 municipalities
14:38:13 Uruapan: 184 AGEB, box ~1578x1018 px @10 m
14:38:13 already here: 21_puebla.zip (152.1 MB)
14:38:13 reading 21a.shp
14:38:13 Puebla: 667 polygons, 664 join with a label, 7 municipalities
14:38:13 Puebla: 664 AGEB, box ~3485x3117 px @10 m
14:38:13 already here: 19_nuevoleon.zip (91.4 MB)
14:38:13 reading 19a.shp
14:38:14 Monterrey: 1003 polygons, 975 join with a label, 9 municipalities
14:38:14 Monterrey: 975 AGEB, box ~3249x4498 px @10 m
14:38:14 already here: 11_guanajuato.zip (133.2 MB)
14:38:14 reading 11a.shp
14:38:14 connected mass: 69 of 77 AGEB, 8 satellites dropped
14:38:14 Santa Cruz de Juventino Rosas: 69 polygons, 64 join with a label, 1 municipalities
14:38:14 Santa Cruz de Juventino Rosas: 64 AGEB, box ~439x826 px @10 m
14:38:56 fold 3 · standardize  · bag MAE 0.0785 · map AUROC 0.803 · within +0.177
14:39:37 fold 3 · std + bce    · bag MAE 0.0753 · map AUROC 0.808 · within +0.187
14:39:58 fold 3 · std + lr 5e-4 · bag MAE 0.0845 · map AUROC 0.800 · within +0.176
14:40:20 fold 3 · std + bce + lr 5e-4 · bag MAE 0.0811 · map AUROC 0.796 · within +0.178
14:41:01 fold 3 · std + lr 1e-3 · bag MAE 0.0833 · map AUROC 0.783 · within +0.153
14:41:04 patzcuaro: 53 instances without a counterpart dropped
14:41:05 santodomingotehuantepec: 117 instances without a counterpart dropped
14:41:05 trancoso: 2 instances without a counterpart dropped
14:41:05 250 bags of 88 cities · 340774 instances · median 723 per bag
14:41:06 morelia: 103 instances without a counterpart dropped
14:41:06 aguascalientes: 803 instances without a counterpart dropped
14:41:06 champoton: 21 instances without a counterpart dropped
14:41:06 zacapu: 67 instances without a counterpart dropped
14:41:06 83 bags of 22 cities · 86358 instances · median 469 per bag
14:41:06 already here: 27_tabasco.zip (50.9 MB)
14:41:06 reading 27a.shp
14:41:07 connected mass: 183 of 190 AGEB, 7 satellites dropped
14:41:07 Centro: 183 polygons, 183 join with a label, 2 municipalities
14:41:07 Centro: 183 AGEB, box ~2498x4036 px @10 m
14:41:07 already here: 14_jalisco.zip (142.6 MB)
14:41:07 reading 14a.shp
14:41:07 Tlajomulco de Zúñiga: 712 polygons, 693 join with a label, 6 municipalities
14:41:07 Tlajomulco de Zúñiga: 693 AGEB, box ~3662x2786 px @10 m
14:41:07 already here: 20_oaxaca.zip (174.6 MB)
14:41:07 reading 20a.shp
14:41:08 Santa Cruz Xoxocotlán: 249 polygons, 246 join with a label, 16 municipalities
14:41:08 Santa Cruz Xoxocotlán: 246 AGEB, box ~1520x2011 px @10 m
14:41:08 already here: 19_nuevoleon.zip (91.4 MB)
14:41:08 reading 19a.shp
14:41:08 Apodaca: 717 polygons, 683 join with a label, 9 municipalities
14:41:08 Apodaca: 683 AGEB, box ~2574x3140 px @10 m
14:41:08 already here: 09_ciudaddemexico.zip (83.2 MB)
14:41:08 reading 09a.shp
14:41:08 Coyoacán: 972 polygons, 970 join with a label, 11 municipalities
14:41:08 Coyoacán: 970 AGEB, box ~2455x1964 px @10 m
14:41:08 already here: 02_bajacalifornia.zip (68.3 MB)
14:41:08 reading 02a.shp
14:41:09 connected mass: 431 of 530 AGEB, 99 satellites dropped
14:41:09 Mexicali: 431 polygons, 423 join with a label, 1 municipalities
14:41:09 Mexicali: 423 AGEB, box ~3249x1494 px @10 m
14:41:09 already here: 12_guerrero.zip (125.7 MB)
14:41:09 reading 12a.shp
14:41:09 connected mass: 48 of 65 AGEB, 17 satellites dropped
14:41:09 Taxco de Alarcón: 48 polygons, 47 join with a label, 1 municipalities
14:41:09 Taxco de Alarcón: 47 AGEB, box ~1010x1585 px @10 m
14:41:09 already here: 16_michoacandeocampo.zip (122.2 MB)
14:41:09 reading 16a.shp
14:41:10 Morelia: 495 polygons, 480 join with a label, 3 municipalities
14:41:10 Morelia: 480 AGEB, box ~3837x2051 px @10 m
14:41:10 already here: 01_aguascalientes.zip (36.8 MB)
14:41:10 reading 01a.shp
14:41:10 connected mass: 376 of 378 AGEB, 2 satellites dropped
14:41:10 Aguascalientes: 376 polygons, 375 join with a label, 3 municipalities
14:41:10 Aguascalientes: 375 AGEB, box ~2389x2692 px @10 m
14:41:10 already here: 04_campeche.zip (33.7 MB)
14:41:10 reading 04a.shp
14:41:10 connected mass: 28 of 57 AGEB, 29 satellites dropped
14:41:10 Champotón: 28 polygons, 28 join with a label, 1 municipalities
14:41:10 Champotón: 28 AGEB, box ~460x671 px @10 m
14:41:10 already here: 11_guanajuato.zip (133.2 MB)
14:41:10 reading 11a.shp
14:41:10 connected mass: 75 of 109 AGEB, 34 satellites dropped
14:41:10 Apaseo el Alto: 75 polygons, 69 join with a label, 2 municipalities
14:41:10 Apaseo el Alto: 69 AGEB, box ~710x896 px @10 m
14:41:10 already here: 15_mexico.zip (226.7 MB)
14:41:10 reading 15a.shp
14:41:11 Cuautitlán Izcalli: 653 polygons, 641 join with a label, 11 municipalities
14:41:11 Cuautitlán Izcalli: 641 AGEB, box ~2476x2769 px @10 m
14:41:11 already here: 11_guanajuato.zip (133.2 MB)
14:41:11 reading 11a.shp
14:41:11 connected mass: 59 of 85 AGEB, 26 satellites dropped
14:41:11 San Felipe: 59 polygons, 46 join with a label, 1 municipalities
14:41:11 San Felipe: 46 AGEB, box ~458x482 px @10 m
14:41:11 already here: 23_quintanaroo.zip (37.9 MB)
14:41:11 reading 23a.shp
14:41:11 connected mass: 125 of 159 AGEB, 34 satellites dropped
14:41:11 Othón P. Blanco: 125 polygons, 122 join with a label, 1 municipalities
14:41:11 Othón P. Blanco: 122 AGEB, box ~1071x892 px @10 m
14:41:11 already here: 12_guerrero.zip (125.7 MB)
14:41:11 reading 12a.shp
14:41:11 connected mass: 90 of 118 AGEB, 28 satellites dropped
14:41:11 Eduardo Neri: 90 polygons, 88 join with a label, 2 municipalities
14:41:11 Eduardo Neri: 88 AGEB, box ~596x1340 px @10 m
14:41:11 already here: 16_michoacandeocampo.zip (122.2 MB)
14:41:11 reading 16a.shp
14:41:11 Zacapu: 53 polygons, 52 join with a label, 1 municipalities
14:41:11 Zacapu: 52 AGEB, box ~823x1134 px @10 m
14:41:11 already here: 28_tamaulipas.zip (80.0 MB)
14:41:11 reading 28a.shp
14:41:12 connected mass: 27 of 53 AGEB, 26 satellites dropped
14:41:12 González: 27 polygons, 27 join with a label, 1 municipalities
14:41:12 González: 27 AGEB, box ~453x405 px @10 m
14:41:12 already here: 20_oaxaca.zip (174.6 MB)
14:41:12 reading 20a.shp
14:41:12 connected mass: 56 of 62 AGEB, 6 satellites dropped
14:41:12 San Juan Bautista Tuxtepec: 56 polygons, 56 join with a label, 1 municipalities
14:41:12 San Juan Bautista Tuxtepec: 56 AGEB, box ~882x1008 px @10 m
14:41:12 already here: 10_durango.zip (61.6 MB)
14:41:12 reading 10a.shp
14:41:12 connected mass: 29 of 61 AGEB, 32 satellites dropped
14:41:12 Mapimí: 29 polygons, 26 join with a label, 1 municipalities
14:41:12 Mapimí: 26 AGEB, box ~239x397 px @10 m
14:41:12 already here: 15_mexico.zip (226.7 MB)
14:41:12 reading 15a.shp
14:41:12 Zinacantepec: 174 polygons, 173 join with a label, 3 municipalities
14:41:12 Zinacantepec: 173 AGEB, box ~2197x1737 px @10 m
14:41:12 already here: 25_sinaloa.zip (71.9 MB)
14:41:12 reading 25a.shp
14:41:13 connected mass: 37 of 58 AGEB, 21 satellites dropped
14:41:13 Escuinapa: 37 polygons, 35 join with a label, 1 municipalities
14:41:13 Escuinapa: 35 AGEB, box ~408x431 px @10 m
14:41:13 already here: 14_jalisco.zip (142.6 MB)
14:41:13 reading 14a.shp
14:41:13 Tonalá: 582 polygons, 580 join with a label, 6 municipalities
14:41:13 Tonalá: 580 AGEB, box ~2532x2728 px @10 m
14:41:55 fold 4 · standardize  · bag MAE 0.0784 · map AUROC 0.755 · within +0.169
14:42:36 fold 4 · std + bce    · bag MAE 0.0721 · map AUROC 0.763 · within +0.176
14:43:09 fold 4 · std + lr 5e-4 · bag MAE 0.0771 · map AUROC 0.748 · within +0.164
14:43:49 fold 4 · std + bce + lr 5e-4 · bag MAE 0.0716 · map AUROC 0.757 · within +0.162
14:44:22 fold 4 · std + lr 1e-3 · bag MAE 0.0752 · map AUROC 0.731 · within +0.151

===== SUMMARY, ranked by the criterion weak supervision may use =====
                     bag_mae  auroc_high  spearman_within
config                                                   
std + bce             0.0933      0.7715           0.1961
std + bce + lr 5e-4   0.0938      0.7583           0.1812
std + lr 1e-3         0.0968      0.7397           0.1675
standardize           0.0974      0.7631           0.1882
std + lr 5e-4         0.0977      0.7566           0.1811

rank correlation between bag error and map quality: -0.500
{"best_by_bag_mae": "std + bce"}
