OK abasolo · 146 tokens · 13 features
OK acajete · 2241 tokens · 13 features
SKIP acambaro
OK acapulco · 5764 tokens · 13 features
OK acayucan · 481 tokens · 13 features
OK acolman · 6226 tokens · 13 features
OK acuna · 1444 tokens · 13 features
OK aguadulce · 618 tokens · 13 features
OK aguaprieta · 1256 tokens · 13 features
OK aguascalientes · 5829 tokens · 13 features
OK ahome · 2247 tokens · 13 features
OK aldama · 453 tokens · 13 features
OK allende05003 · 439 tokens · 13 features
OK allende19004 · 496 tokens · 13 features
OK altamira · 3554 tokens · 13 features
OK alvaroobregon · 10620 tokens · 13 features
OK ameca · 323 tokens · 13 features
OK angostura · 60 tokens · 13 features
OK apaseoelalto · 411 tokens · 13 features
OK apaseoelgrande · 799 tokens · 13 features
OK apatzingan · 892 tokens · 13 features
OK apizaco · 6403 tokens · 13 features
OK apodaca · 10603 tokens · 13 features
OK arandas · 348 tokens · 13 features
OK arcelia · 228 tokens · 13 features
OK ascension · 299 tokens · 13 features
OK atizapandezaragoza · 9623 tokens · 13 features
OK atlacomulco · 1153 tokens · 13 features
OK atlixco · 1991 tokens · 13 features
OK atotonilcodetula · 1623 tokens · 13 features
OK atotonilcoelalto · 228 tokens · 13 features
OK atoyacdealvarez · 214 tokens · 13 features
OK autlandenavarro · 644 tokens · 13 features
OK ayala · 1587 tokens · 13 features
OK ayotlan · 59 tokens · 13 features
OK azcapotzalco · 5517 tokens · 13 features
OK bacum · 73 tokens · 13 features
OK bahiadebanderas · 892 tokens · 13 features
OK benitojuarez · 5487 tokens · 13 features
OK benitojuarez09014 · 8427 tokens · 13 features
OK berriozabal · 524 tokens · 13 features
OK bocadelrio · 2385 tokens · 13 features
OK bocoyna · 106 tokens · 13 features
OK buenaventura · 299 tokens · 13 features
OK buenavista · 255 tokens · 13 features
OK caborca · 1024 tokens · 13 features
OK cadereytajimenez · 1938 tokens · 13 features
OK cajeme · 2945 tokens · 13 features
OK calera · 378 tokens · 13 features
OK calkini · 784 tokens · 13 features
OK camargo · 453 tokens · 13 features
OK campeche · 2346 tokens · 13 features
OK cananea · 594 tokens · 13 features
OK cardenas · 1685 tokens · 13 features
OK carmen · 1317 tokens · 13 features
OK casimirocastillo · 60 tokens · 13 features
OK castanos · 1073 tokens · 13 features
OK catemaco · 241 tokens · 13 features
OK celaya · 3420 tokens · 13 features
OK centro · 3837 tokens · 13 features
OK chalco · 5449 tokens · 13 features
OK champoton · 408 tokens · 13 features
OK chapala · 1117 tokens · 13 features
OK charcas · 64 tokens · 13 features
OK chemax · 118 tokens · 13 features
OK chiapadecorzo · 2012 tokens · 13 features
OK chignahuapan · 578 tokens · 13 features
OK chihuahua · 10835 tokens · 13 features
OK chilapadealvarez · 758 tokens · 13 features
OK chilpancingodelosbravo · 1675 tokens · 13 features
OK chimalhuacan · 6055 tokens · 13 features
OK cienegadeflores · 708 tokens · 13 features
OK cihuatlan · 99 tokens · 13 features
OK cintalapa · 496 tokens · 13 features
OK ciudadmadero · 4549 tokens · 13 features
OK ciudadvalles · 1308 tokens · 13 features
OK coacalcodeberriozabal · 5539 tokens · 13 features
OK coatzacoalcos · 2661 tokens · 13 features
OK colima · 2571 tokens · 13 features
OK comitandedominguez · 1436 tokens · 13 features
OK comondu · 853 tokens · 13 features
OK comonfort · 267 tokens · 13 features
OK compostela · 57 tokens · 13 features
OK cordoba · 2114 tokens · 13 features
OK corregidora · 4472 tokens · 13 features
OK cortazar · 581 tokens · 13 features
OK cosamaloapandecarpio · 469 tokens · 13 features
OK cosoleacaque · 3244 tokens · 13 features
OK coyoacan · 11339 tokens · 13 features
OK coyucadebenitez · 80 tokens · 13 features
OK cozumel · 840 tokens · 13 features
OK cuajimalpademorelos · 4558 tokens · 13 features
OK cuauhtemoc · 9199 tokens · 13 features
OK cuauhtemoc08017 · 2251 tokens · 13 features
OK cuautitlan · 8835 tokens · 13 features
OK cuautitlanizcalli · 12542 tokens · 13 features
OK cuautla · 2740 tokens · 13 features
OK cuencame · 109 tokens · 13 features
OK cueramaro · 106 tokens · 13 features
OK cuernavaca · 5993 tokens · 13 features
OK culiacan · 5472 tokens · 13 features
OK delicias · 1656 tokens · 13 features
OK doloreshidalgocunadelaindependencianacional · 520 tokens · 13 features
OK durango · 4495 tokens · 13 features
OK ebano · 145 tokens · 13 features
OK ecatepecdemorelos · 10727 tokens · 13 features
OK eduardoneri · 348 tokens · 13 features
OK elcarmen · 2754 tokens · 13 features
OK elfuerte · 43 tokens · 13 features
OK elmante · 778 tokens · 13 features
OK eloro · 94 tokens · 13 features
OK elota · 169 tokens · 13 features
OK elsalto · 6191 tokens · 13 features
OK emilianozapata17008 · 4646 tokens · 13 features
OK emilianozapata30065 · 1139 tokens · 13 features
OK empalme · 660 tokens · 13 features
OK encarnaciondediaz · 173 tokens · 13 features
OK ensenada · 3747 tokens · 13 features
OK escarcega · 388 tokens · 13 features
OK escuinapa · 74 tokens · 13 features
OK etchojoa · 241 tokens · 13 features
OK felipecarrillopuerto · 238 tokens · 13 features
OK fresnillo · 1170 tokens · 13 features
OK frontera · 2933 tokens · 13 features
OK garcia · 3796 tokens · 13 features
OK generalescobedo · 9284 tokens · 13 features
OK generalpanfilonatera · 73 tokens · 13 features
OK generalplutarcoeliascalles · 323 tokens · 13 features
OK generalzuazua · 1059 tokens · 13 features
OK gomezpalacio · 3308 tokens · 13 features
OK gonzalez · 130 tokens · 13 features
OK guachochi · 84 tokens · 13 features
OK guadalajara · 3978 tokens · 13 features
OK guadalupe19026 · 11959 tokens · 13 features
OK guadalupe32017 · 1781 tokens · 13 features
OK guadalupevictoria · 183 tokens · 13 features
OK guadalupeycalvo · 84 tokens · 13 features
OK guanajuato · 1317 tokens · 13 features
OK guasave · 895 tokens · 13 features
OK guaymas · 796 tokens · 13 features
OK guerrero · 208 tokens · 13 features
OK gustavoamadero · 7102 tokens · 13 features
OK hermosillo · 7773 tokens · 13 features
OK heroicaciudaddehuajuapandeleon · 696 tokens · 13 features
OK hidalgo · 1046 tokens · 13 features
OK huamantla · 1044 tokens · 13 features
OK huatabampo · 338 tokens · 13 features
OK huauchinango · 971 tokens · 13 features
OK huehuetoca · 2047 tokens · 13 features
OK huejotzingo · 2403 tokens · 13 features
OK huejutladereyes · 357 tokens · 13 features
OK huetamo · 445 tokens · 13 features
OK huimanguillo · 193 tokens · 13 features
OK huitzucodelosfigueroa · 110 tokens · 13 features
OK huixquilucan · 3491 tokens · 13 features
OK igualadelaindependencia · 1527 tokens · 13 features
OK irapuato · 3361 tokens · 13 features
OK ixtaczoquitlan · 2874 tokens · 13 features
OK ixtapaluca · 6376 tokens · 13 features
OK ixtlahuacandelosmembrillos · 1117 tokens · 13 features
OK iztacalco · 7592 tokens · 13 features
OK iztapalapa · 11486 tokens · 13 features
OK izucardematamoros · 1094 tokens · 13 features
OK jacona · 1495 tokens · 13 features
OK jalostotitlan · 49 tokens · 13 features
OK jalpa · 194 tokens · 13 features
OK jaraldelprogreso · 255 tokens · 13 features
OK jerez · 505 tokens · 13 features
OK jesusmaria · 2363 tokens · 13 features
OK jiquilpan · 550 tokens · 13 features
OK jiutepec · 5558 tokens · 13 features
OK jocotepec · 520 tokens · 13 features
OK jojutla · 1568 tokens · 13 features
OK juarez08037 · 13130 tokens · 13 features
OK juarez19031 · 4937 tokens · 13 features
OK juchitandezaragoza · 885 tokens · 13 features
OK kanasin · 5221 tokens · 13 features
OK labarca · 373 tokens · 13 features
OK lamagdalenacontreras · 5831 tokens · 13 features
OK lapaz · 3245 tokens · 13 features
OK lapaz15070 · 5615 tokens · 13 features
OK lapiedad · 939 tokens · 13 features
OK laschoapas · 663 tokens · 13 features
OK latrinitaria · 475 tokens · 13 features
OK lazarocardenas · 1150 tokens · 13 features
OK leon · 8486 tokens · 13 features
OK lerdo · 2943 tokens · 13 features
OK linares · 696 tokens · 13 features
OK lomabonita · 408 tokens · 13 features
OK loreto03009 · 169 tokens · 13 features
OK loreto32024 · 143 tokens · 13 features
OK loscabos · 1237 tokens · 13 features
OK losreyes · 359 tokens · 13 features
OK macuspana · 363 tokens · 13 features
OK madera · 391 tokens · 13 features
OK magdalena · 279 tokens · 13 features
OK manzanillo · 1926 tokens · 13 features
OK mapimi · 82 tokens · 13 features
OK maravatio · 726 tokens · 13 features
OK martinezdelatorre · 695 tokens · 13 features
OK matamoros · 4330 tokens · 13 features
OK matamoros05017 · 1998 tokens · 13 features
OK matehuala · 993 tokens · 13 features
OK mazatlan · 3161 tokens · 13 features
OK medellindebravo · 1305 tokens · 13 features
OK meoqui · 359 tokens · 13 features
OK merida · 12151 tokens · 13 features
OK metepec · 8088 tokens · 13 features
OK mexicali · 7665 tokens · 13 features
OK miguelaleman · 572 tokens · 13 features
OK miguelauza · 594 tokens · 13 features
OK miguelhidalgo · 8821 tokens · 13 features
OK milpaalta · 3386 tokens · 13 features
OK minatitlan · 2293 tokens · 13 features
OK mineraldelareforma · 3895 tokens · 13 features
OK monclova · 3657 tokens · 13 features
OK montemorelos · 437 tokens · 13 features
OK monterrey · 17939 tokens · 13 features
OK morelia · 5740 tokens · 13 features
OK morelos · 249 tokens · 13 features
OK moroleon · 932 tokens · 13 features
OK mugica · 165 tokens · 13 features
OK mulege · 104 tokens · 13 features
OK muzquiz · 480 tokens · 13 features
OK nacajuca · 2586 tokens · 13 features
OK nacozaridegarcia · 105 tokens · 13 features
OK nahuatzen · 407 tokens · 13 features
OK namiquipa · 313 tokens · 13 features
OK naucalpandejuarez · 7233 tokens · 13 features
OK nava · 363 tokens · 13 features
OK navojoa · 1223 tokens · 13 features
OK navolato · 100 tokens · 13 features
OK nazas · 65 tokens · 13 features
OK nezahualcoyotl · 6727 tokens · 13 features
OK nicolasromero · 6271 tokens · 13 features
OK nochistlandemejia · 89 tokens · 13 features
OK nogales · 1892 tokens · 13 features
OK nuevoideal · 106 tokens · 13 features
OK nuevolaredo · 4530 tokens · 13 features
OK oaxacadejuarez · 5651 tokens · 13 features
OK ocosingo · 112 tokens · 13 features
OK ocotlan · 869 tokens · 13 features
OK ocoyucan · 4194 tokens · 13 features
OK ojinaga · 696 tokens · 13 features
OK ojocaliente · 118 tokens · 13 features
OK ometepec · 417 tokens · 13 features
OK orizaba · 2533 tokens · 13 features
OK othonpblanco · 980 tokens · 13 features
OK pachucadesoto · 5318 tokens · 13 features
OK palmardebravo · 1336 tokens · 13 features
OK panuco · 262 tokens · 13 features
OK papantla · 578 tokens · 13 features
OK paracho · 53 tokens · 13 features
OK parras · 932 tokens · 13 features
OK patzcuaro · 534 tokens · 13 features
OK pedroescobedo · 748 tokens · 13 features
OK penjamo · 374 tokens · 13 features
OK perote · 671 tokens · 13 features
OK pesqueria · 2195 tokens · 13 features
OK petatlan · 478 tokens · 13 features
OK piedrasnegras · 2497 tokens · 13 features
OK playasderosarito · 2478 tokens · 13 features
OK pozaricadehidalgo · 2053 tokens · 13 features
OK progreso · 789 tokens · 13 features
OK puebla · 2198 tokens · 13 features
OK pueblonuevo · 320 tokens · 13 features
OK puebloviejo · 596 tokens · 13 features
OK puentedeixtla · 1182 tokens · 13 features
OK puertopenasco · 1370 tokens · 13 features
OK puertovallarta · 2207 tokens · 13 features
OK purisimadelrincon · 1054 tokens · 13 features
OK puruandiro · 448 tokens · 13 features
OK queretaro · 8381 tokens · 13 features
OK ramosarizpe · 3283 tokens · 13 features
OK reynosa · 5715 tokens · 13 features
OK riobravo · 1012 tokens · 13 features
OK riogrande · 465 tokens · 13 features
OK rioverde · 1636 tokens · 13 features
OK sabinas · 1776 tokens · 13 features
OK sabinashidalgo · 849 tokens · 13 features
OK sahuayo · 1099 tokens · 13 features
OK salamanca · 2161 tokens · 13 features
OK salinacruz · 1227 tokens · 13 features
OK salinasvictoria · 2259 tokens · 13 features
OK saltillo · 8435 tokens · 13 features
OK salvadoralvarado · 699 tokens · 13 features
OK salvatierra · 938 tokens · 13 features
OK sanandrescholula · 10273 tokens · 13 features
OK sanandrestuxtla · 644 tokens · 13 features
OK sanblas · 95 tokens · 13 features
OK sancristobaldelascasas · 1376 tokens · 13 features
OK sanfelipe · 350 tokens · 13 features
OK sanfernando · 775 tokens · 13 features
OK sanfranciscodelrincon · 1054 tokens · 13 features
OK sanjoseiturbide · 182 tokens · 13 features
OK sanjuanbautistatuxtepec · 1662 tokens · 13 features
OK sanjuandeloslagos · 315 tokens · 13 features
OK sanjuandelrio · 3038 tokens · 13 features
OK sanjuandesabinas · 905 tokens · 13 features
OK sanluisdelapaz · 631 tokens · 13 features
OK sanluispotosi · 7069 tokens · 13 features
OK sanluisriocolorado · 2668 tokens · 13 features
OK sanmartintexmelucan · 3249 tokens · 13 features
OK sanmigueldeallende · 945 tokens · 13 features
OK sanmiguelelalto · 283 tokens · 13 features
OK sannicolasdelosgarza · 11630 tokens · 13 features
OK sanpedro · 436 tokens · 13 features
OK sanpedrocholula · 7731 tokens · 13 features
OK sanpedrogarzagarcia · 6785 tokens · 13 features
OK sanpedromixtepec · 662 tokens · 13 features
OK sanpedrotlaquepaque · 14798 tokens · 13 features
OK sanquintin · 408 tokens · 13 features
OK santacatarina · 3296 tokens · 13 features
OK santacruzdejuventinorosas · 258 tokens · 13 features
OK santacruzxoxocotlan · 3822 tokens · 13 features
OK santamariahuatulco · 224 tokens · 13 features
OK santiago · 3672 tokens · 13 features
OK santiagoixcuintla · 97 tokens · 13 features
OK santiagopapasquiaro · 379 tokens · 13 features
OK santiagopinotepanacional · 386 tokens · 13 features
OK santodomingotehuantepec · 1275 tokens · 13 features
OK sayula · 182 tokens · 13 features
OK silaodelavictoria · 957 tokens · 13 features
OK soledaddegracianosanchez · 5359 tokens · 13 features
OK solidaridad · 1489 tokens · 13 features
OK sombrerete · 131 tokens · 13 features
OK tacambaro · 103 tokens · 13 features
OK tala · 472 tokens · 13 features
OK tamazuladegordiano · 260 tokens · 13 features
OK tamazunchale · 191 tokens · 13 features
OK tampico · 4829 tokens · 13 features
OK tantoyuca · 220 tokens · 13 features
OK tapachula · 1809 tokens · 13 features
OK tarimbaro · 2680 tokens · 13 features
OK tarimoro · 112 tokens · 13 features
OK taxcodealarcon · 590 tokens · 13 features
OK tecamac · 8350 tokens · 13 features
OK tecamachalco · 2090 tokens · 13 features
OK tecate · 956 tokens · 13 features
OK tecoman · 959 tokens · 13 features
OK tecpandegaleana · 155 tokens · 13 features
OK tecuala · 130 tokens · 13 features
OK tehuacan · 3341 tokens · 13 features
OK teloloapan · 349 tokens · 13 features
OK temixco · 3962 tokens · 13 features
OK teocaltiche · 141 tokens · 13 features
OK tepatitlandemorelos · 900 tokens · 13 features
OK tepeaca · 2649 tokens · 13 features
OK tepeapulco · 441 tokens · 13 features
OK tepejidelriodeocampo · 1784 tokens · 13 features
OK tepic · 2470 tokens · 13 features
OK tepotzotlan · 6012 tokens · 13 features
OK tequila · 115 tokens · 13 features
OK tequisquiapan · 1030 tokens · 13 features
OK texcoco · 6464 tokens · 13 features
OK teziutlan · 1563 tokens · 13 features
OK tierrablanca · 209 tokens · 13 features
OK tihuatlan · 91 tokens · 13 features
OK tijuana · 11974 tokens · 13 features
OK tizayuca · 1568 tokens · 13 features
OK tizimin · 642 tokens · 13 features
OK tlahuac · 6167 tokens · 13 features
OK tlajomulcodezuniga · 8807 tokens · 13 features
OK tlalnepantladebaz · 10892 tokens · 13 features
OK tlalpan · 10919 tokens · 13 features
OK tlaltizapandezapata · 1201 tokens · 13 features
OK tlapadecomonfort · 424 tokens · 13 features
OK tlaxcala · 8093 tokens · 13 features
OK tlaxco · 817 tokens · 13 features
OK toluca · 13412 tokens · 13 features
OK tomatlan · 68 tokens · 13 features
OK tonala · 7436 tokens · 13 features
OK tonala07097 · 397 tokens · 13 features
OK torreon · 5856 tokens · 13 features
OK trancoso · 92 tokens · 13 features
OK tuladeallende · 2989 tokens · 13 features
OK tulancingodebravo · 2482 tokens · 13 features
OK tultepec · 5881 tokens · 13 features
OK tultitlan · 10349 tokens · 13 features
OK tulum · 352 tokens · 13 features
OK tuxpan · 1004 tokens · 13 features
OK tuxtla · 5926 tokens · 13 features
OK uman · 2267 tokens · 13 features
OK uriangato · 918 tokens · 13 features
OK uruapan · 2002 tokens · 13 features
OK valladolid · 875 tokens · 13 features
OK valledechalcosolidaridad · 4883 tokens · 13 features
OK valledesantiago · 347 tokens · 13 features
OK vallehermoso · 869 tokens · 13 features
OK valparaiso · 173 tokens · 13 features
OK venustianocarranza07106 · 87 tokens · 13 features
OK venustianocarranza09017 · 7395 tokens · 13 features
OK veracruz · 4114 tokens · 13 features
OK vicenteguerrero · 159 tokens · 13 features
OK victoria · 2324 tokens · 13 features
OK villadealvarez · 2610 tokens · 13 features
OK villadecos · 96 tokens · 13 features
OK villaderamos · 77 tokens · 13 features
OK villadereyes · 73 tokens · 13 features
OK villadetututepec · 0 tokens · 13 features
OK villaflores · 613 tokens · 13 features
OK villagonzalezortega · 98 tokens · 13 features
OK villagran · 892 tokens · 13 features
OK villahidalgo · 107 tokens · 13 features
OK villanueva · 90 tokens · 13 features
OK xalapa · 3196 tokens · 13 features
OK xalisco · 1613 tokens · 13 features
OK xochimilco · 10715 tokens · 13 features
OK xochitepec · 2300 tokens · 13 features
OK yautepec · 3439 tokens · 13 features
OK yuriria · 248 tokens · 13 features
OK zacapu · 759 tokens · 13 features
OK zacatecas · 1878 tokens · 13 features
OK zamora · 1567 tokens · 13 features
OK zapopan · 4690 tokens · 13 features
OK zapotiltic · 456 tokens · 13 features
OK zapotlanejo · 611 tokens · 13 features
OK zapotlanelgrande · 769 tokens · 13 features
OK zempoala · 1304 tokens · 13 features
OK zihuatanejodeazueta · 1051 tokens · 13 features
OK zinacantepec · 3938 tokens · 13 features
OK zitacuaro · 812 tokens · 13 features
OK zumpango · 5748 tokens · 13 features
END: 0 failed []
