SKIP acambaro
OK acapulco · 5764 tokens
OK aguaprieta · 1256 tokens
OK aguascalientes · 5829 tokens
OK ahome · 2247 tokens
OK altamira · 3554 tokens
OK alvaroobregon · 10620 tokens
OK apaseoelalto · 411 tokens
OK apatzingan · 892 tokens
OK apodaca · 10603 tokens
OK atlixco · 1991 tokens
OK bahiadebanderas · 892 tokens
OK benitojuarez · 5487 tokens
OK caborca · 1024 tokens
OK cajeme · 2945 tokens
OK cardenas · 1685 tokens
OK celaya · 3420 tokens
OK centro · 3837 tokens
OK champoton · 408 tokens
OK chihuahua · 10835 tokens
OK chilapadealvarez · 758 tokens
OK chilpancingodelosbravo · 1675 tokens
OK comitandedominguez · 1436 tokens
OK comonfort · 267 tokens
OK compostela · 57 tokens
OK coyoacan · 11339 tokens
OK cuauhtemoc · 9199 tokens
OK cuautitlanizcalli · 12542 tokens
OK culiacan · 5472 tokens
OK durango · 4495 tokens
OK ecatepecdemorelos · 10727 tokens
OK eduardoneri · 348 tokens
OK elfuerte · 43 tokens
OK ensenada · 3747 tokens
OK escuinapa · 74 tokens
OK felipecarrillopuerto · 238 tokens
OK fresnillo · 1170 tokens
OK gomezpalacio · 3308 tokens
OK gonzalez · 130 tokens
OK guadalajara · 3978 tokens
OK guadalupe19026 · 11959 tokens
OK guadalupe32017 · 1781 tokens
OK guanajuato · 1317 tokens
OK guasave · 895 tokens
OK guaymas · 796 tokens
OK gustavoamadero · 7102 tokens
OK hermosillo · 7773 tokens
OK heroicaciudaddehuajuapandeleon · 696 tokens
OK iztapalapa · 11486 tokens
OK juarez08037 · 13130 tokens
OK juarez19031 · 4937 tokens
OK juchitandezaragoza · 885 tokens
OK lazarocardenas · 1150 tokens
OK leon · 8486 tokens
OK lerdo · 2943 tokens
OK loscabos · 1237 tokens
OK mapimi · 82 tokens
OK matamoros · 4330 tokens
OK mazatlan · 3161 tokens
OK merida · 12151 tokens
OK mexicali · 7665 tokens
OK mineraldelareforma · 3895 tokens
OK monterrey · 17939 tokens
OK morelia · 5740 tokens
OK naucalpandejuarez · 7233 tokens
OK navolato · 100 tokens
OK nezahualcoyotl · 6727 tokens
OK nuevolaredo · 4530 tokens
OK ocosingo · 112 tokens
OK othonpblanco · 980 tokens
OK pachucadesoto · 5318 tokens
OK papantla · 578 tokens
OK patzcuaro · 534 tokens
OK puebla · 2198 tokens
OK pueblonuevo · 320 tokens
OK puertovallarta · 2207 tokens
OK reynosa · 5715 tokens
OK saltillo · 8435 tokens
OK salvatierra · 938 tokens
OK sanandrestuxtla · 644 tokens
OK sancristobaldelascasas · 1376 tokens
OK sanfelipe · 350 tokens
OK sanfernando · 775 tokens
OK sanjuanbautistatuxtepec · 1662 tokens
OK sanluisdelapaz · 631 tokens
OK sanluispotosi · 7069 tokens
OK sanluisriocolorado · 2668 tokens
OK sanmartintexmelucan · 3249 tokens
OK sanpedrotlaquepaque · 14798 tokens
OK sanquintin · 408 tokens
OK santacruzdejuventinorosas · 258 tokens
OK santacruzxoxocotlan · 3822 tokens
OK santiagopinotepanacional · 386 tokens
OK santodomingotehuantepec · 1275 tokens
OK solidaridad · 1489 tokens
OK tapachula · 1809 tokens
OK taxcodealarcon · 590 tokens
OK tecoman · 959 tokens
OK tecpandegaleana · 155 tokens
OK tehuacan · 3341 tokens
OK tepic · 2470 tokens
OK tierrablanca · 209 tokens
OK tijuana · 11974 tokens
OK tlajomulcodezuniga · 8807 tokens
OK tlalnepantladebaz · 10892 tokens
OK tlalpan · 10919 tokens
OK toluca · 13412 tokens
OK tonala · 7436 tokens
OK torreon · 5856 tokens
OK trancoso · 92 tokens
OK tuxtla · 5926 tokens
OK uruapan · 2002 tokens
OK valledesantiago · 347 tokens
OK veracruz · 4114 tokens
OK villadecos · 96 tokens
OK villaderamos · 77 tokens
OK villaflores · 613 tokens
OK xalapa · 3196 tokens
OK yuriria · 248 tokens
OK zacapu · 759 tokens
OK zacatecas · 1878 tokens
OK zamora · 1567 tokens
OK zihuatanejodeazueta · 1051 tokens
OK zinacantepec · 3938 tokens
END: 0 failed []
