scores from data/predicciones_val_ciudad.parquet
06:34:05 138 cities with at least 150 AGEB
06:34:05 already here: 11_guanajuato.zip (133.2 MB)
06:34:05 reading 11a.shp
06:34:05 connected mass: 88 of 126 AGEB, 38 satellites dropped
06:34:05 Acámbaro: 88 polygons, 82 join with a label, 1 municipalities
06:34:05 Acámbaro: 82 AGEB, box ~666x992 px @10 m
06:34:05 already here: 07_chiapas.zip (108.8 MB)
06:34:05 reading 07a.shp
06:34:05 Comitán de Domínguez: 100 polygons, 100 join with a label, 2 municipalities
06:34:05 Comitán de Domínguez: 100 AGEB, box ~1261x1162 px @10 m
06:34:05 already here: 11_guanajuato.zip (133.2 MB)
06:34:05 reading 11a.shp
06:34:05 connected mass: 60 of 74 AGEB, 14 satellites dropped
06:34:05 Comonfort: 60 polygons, 51 join with a label, 2 municipalities
06:34:05 Comonfort: 51 AGEB, box ~417x1544 px @10 m
06:34:05 already here: 25_sinaloa.zip (71.9 MB)
06:34:05 reading 25a.shp
06:34:06 connected mass: 572 of 653 AGEB, 81 satellites dropped
06:34:06 Culiacán: 572 polygons, 529 join with a label, 2 municipalities
06:34:06 Culiacán: 529 AGEB, box ~2479x2024 px @10 m
06:34:06 already here: 15_mexico.zip (226.7 MB)
06:34:06 reading 15a.shp
06:34:06 Ecatepec de Morelos: 800 polygons, 798 join with a label, 13 municipalities
06:34:06 Ecatepec de Morelos: 798 AGEB, box ~2439x3068 px @10 m
06:34:06 already here: 23_quintanaroo.zip (37.9 MB)
06:34:06 reading 23a.shp
06:34:06 connected mass: 37 of 67 AGEB, 30 satellites dropped
06:34:06 Felipe Carrillo Puerto: 37 polygons, 37 join with a label, 1 municipalities
06:34:06 Felipe Carrillo Puerto: 37 AGEB, box ~523x417 px @10 m
06:34:06 already here: 32_zacatecas.zip (74.4 MB)
06:34:06 reading 32a.shp
06:34:07 connected mass: 312 of 345 AGEB, 33 satellites dropped
06:34:07 Guadalupe: 312 polygons, 288 join with a label, 3 municipalities
06:34:07 Guadalupe: 288 AGEB, box ~1419x2120 px @10 m
06:34:07 already here: 11_guanajuato.zip (133.2 MB)
06:34:07 reading 11a.shp
06:34:07 connected mass: 178 of 183 AGEB, 5 satellites dropped
06:34:07 Guanajuato: 178 polygons, 165 join with a label, 3 municipalities
06:34:07 Guanajuato: 165 AGEB, box ~1413x2904 px @10 m
06:34:07 already here: 15_mexico.zip (226.7 MB)
06:34:07 reading 15a.shp
06:34:07 Naucalpan de Juárez: 400 polygons, 396 join with a label, 5 municipalities
06:34:07 Naucalpan de Juárez: 396 AGEB, box ~2527x2397 px @10 m
06:34:07 already here: 30_veracruzignaciodelallave.zip (183.8 MB)
06:34:07 reading 30a.shp
06:34:08 connected mass: 52 of 57 AGEB, 5 satellites dropped
06:34:08 Papantla: 52 polygons, 52 join with a label, 1 municipalities
06:34:08 Papantla: 52 AGEB, box ~791x1329 px @10 m
06:34:08 already here: 26_sonora.zip (74.0 MB)
06:34:08 reading 26a.shp
06:34:08 connected mass: 239 of 291 AGEB, 52 satellites dropped
06:34:08 San Luis Río Colorado: 239 polygons, 218 join with a label, 1 municipalities
06:34:08 San Luis Río Colorado: 218 AGEB, box ~1340x1114 px @10 m
06:34:08 already here: 07_chiapas.zip (108.8 MB)
06:34:08 reading 07a.shp
06:34:08 connected mass: 162 of 207 AGEB, 45 satellites dropped
06:34:08 Tapachula: 162 polygons, 162 join with a label, 1 municipalities
06:34:08 Tapachula: 162 AGEB, box ~985x1147 px @10 m
06:34:08 already here: 05_coahuiladezaragoza.zip (67.3 MB)
06:34:08 reading 05a.shp
06:34:08 Torreón: 355 polygons, 345 join with a label, 2 municipalities
06:34:08 Torreón: 345 AGEB, box ~2425x1850 px @10 m
06:34:08 already here: 24_sanluispotosi.zip (91.2 MB)
06:34:08 reading 24a.shp
06:34:09 connected mass: 21 of 76 AGEB, 55 satellites dropped
06:34:09 Villa de Ramos: 21 polygons, 20 join with a label, 1 municipalities
06:34:09 Villa de Ramos: 20 AGEB, box ~276x386 px @10 m
75433 adjacent pairs · 654 cross a municipal border · 22592 cross an AGEB border
excess jump at municipal border, same grade: +0.0187 [-0.0024, +0.1551]
excess jump at AGEB border, same grade, same municipality: +0.0009 [-0.0196, +0.0059]
reference jump inside one AGEB: 0.1939
