18:42:12 data/predicciones_val.parquet: 2958 tracts, 3 seeds
18:42:12 2958 of 2958 tracts carry a grade
18:42:12 data/predicciones_test.parquet: 2811 tracts, 3 seeds
18:42:12 2811 of 2811 tracts carry a grade
18:42:13 val: spread vs error rho +0.084 [+0.002, +0.140] over 22 municipalities
18:42:13 test: spread vs error rho +0.044 [-0.011, +0.084] over 22 municipalities
18:42:13 selective curve on val
18:42:13 19 municipalities hold at every discard level
18:42:13 discard 0%: rho +0.390 [+0.313, +0.475] over 19 municipalities
18:42:13 discard 10%: rho +0.377 [+0.293, +0.467] over 19 municipalities
18:42:13 discard 20%: rho +0.374 [+0.287, +0.468] over 19 municipalities
18:42:13 discard 30%: rho +0.370 [+0.291, +0.454] over 19 municipalities
18:42:13 discard 40%: rho +0.353 [+0.259, +0.454] over 19 municipalities
18:42:13 discard 50%: rho +0.369 [+0.291, +0.461] over 19 municipalities
18:42:13 selective curve on test
18:42:13 17 municipalities hold at every discard level
18:42:13 discard 0%: rho +0.317 [+0.179, +0.430] over 17 municipalities
18:42:13 discard 10%: rho +0.331 [+0.187, +0.448] over 17 municipalities
18:42:13 discard 20%: rho +0.341 [+0.196, +0.458] over 17 municipalities
18:42:13 discard 30%: rho +0.344 [+0.204, +0.454] over 17 municipalities
18:42:13 discard 40%: rho +0.338 [+0.199, +0.446] over 17 municipalities
18:42:13 discard 50%: rho +0.327 [+0.204, +0.424] over 17 municipalities
18:42:13 marginal: half width 1.29 grades, coverage 0.869, worst city lapaz at 0.768, 10 of 14 cities below nominal
18:42:13 clustered: half width 1.68 grades, coverage 0.953, worst city madera at 0.870, 1 of 14 cities below nominal
                   city  municipalities  agebs  rho_within  grades_present  share_high  median_spread
               guerrero               1     21   -0.510466               3    0.333333       0.101020
                 carmen               1     54   -0.267009               4    0.037037       0.069165
              escarcega               1     24   -0.001047               4    0.291667       0.093221
                 madera               1     46    0.052129               5    0.217391       0.133265
              queretaro               3    514    0.091258               5    0.029183       0.108993
                zapopan               2    335    0.105233               4    0.017910       0.103593
                 garcia               3    324    0.257484               5    0.021605       0.088019
                nogales               1    171    0.261337               5    0.058480       0.092555
               victoria               1    165    0.372559               5    0.030303       0.101621
                hidalgo               1     71    0.425280               5    0.394366       0.097815
               irapuato               1    214    0.465192               5    0.168224       0.121390
             ixtapaluca               4    463    0.471415               5    0.166307       0.096857
                  lapaz               1    276    0.534347               5    0.112319       0.095235
igualadelaindependencia               1    133    0.638863               5    0.406015       0.125397
