06:34:25 138 cities with at least 150 AGEB
06:34:25 already here: 11_guanajuato.zip (133.2 MB)
06:34:25 reading 11a.shp
06:34:26 connected mass: 88 of 126 AGEB, 38 satellites dropped
06:34:26 Acámbaro: 88 polygons, 82 join with a label, 1 municipalities
06:34:26 Acámbaro: 82 AGEB, box ~666x992 px @10 m
06:34:26 already here: 07_chiapas.zip (108.8 MB)
06:34:26 reading 07a.shp
06:34:26 Comitán de Domínguez: 100 polygons, 100 join with a label, 2 municipalities
06:34:26 Comitán de Domínguez: 100 AGEB, box ~1261x1162 px @10 m
06:34:26 already here: 11_guanajuato.zip (133.2 MB)
06:34:26 reading 11a.shp
06:34:26 connected mass: 60 of 74 AGEB, 14 satellites dropped
06:34:26 Comonfort: 60 polygons, 51 join with a label, 2 municipalities
06:34:26 Comonfort: 51 AGEB, box ~417x1544 px @10 m
06:34:26 already here: 25_sinaloa.zip (71.9 MB)
06:34:26 reading 25a.shp
06:34:27 connected mass: 572 of 653 AGEB, 81 satellites dropped
06:34:27 Culiacán: 572 polygons, 529 join with a label, 2 municipalities
06:34:27 Culiacán: 529 AGEB, box ~2479x2024 px @10 m
06:34:27 already here: 15_mexico.zip (226.7 MB)
06:34:27 reading 15a.shp
06:34:27 Ecatepec de Morelos: 800 polygons, 798 join with a label, 13 municipalities
06:34:27 Ecatepec de Morelos: 798 AGEB, box ~2439x3068 px @10 m
06:34:27 already here: 23_quintanaroo.zip (37.9 MB)
06:34:27 reading 23a.shp
06:34:27 connected mass: 37 of 67 AGEB, 30 satellites dropped
06:34:27 Felipe Carrillo Puerto: 37 polygons, 37 join with a label, 1 municipalities
06:34:27 Felipe Carrillo Puerto: 37 AGEB, box ~523x417 px @10 m
06:34:27 already here: 32_zacatecas.zip (74.4 MB)
06:34:27 reading 32a.shp
06:34:27 connected mass: 312 of 345 AGEB, 33 satellites dropped
06:34:27 Guadalupe: 312 polygons, 288 join with a label, 3 municipalities
06:34:27 Guadalupe: 288 AGEB, box ~1419x2120 px @10 m
06:34:27 already here: 11_guanajuato.zip (133.2 MB)
06:34:27 reading 11a.shp
06:34:28 connected mass: 178 of 183 AGEB, 5 satellites dropped
06:34:28 Guanajuato: 178 polygons, 165 join with a label, 3 municipalities
06:34:28 Guanajuato: 165 AGEB, box ~1413x2904 px @10 m
06:34:28 already here: 15_mexico.zip (226.7 MB)
06:34:28 reading 15a.shp
06:34:28 Naucalpan de Juárez: 400 polygons, 396 join with a label, 5 municipalities
06:34:28 Naucalpan de Juárez: 396 AGEB, box ~2527x2397 px @10 m
06:34:28 already here: 30_veracruzignaciodelallave.zip (183.8 MB)
06:34:28 reading 30a.shp
06:34:28 connected mass: 52 of 57 AGEB, 5 satellites dropped
06:34:28 Papantla: 52 polygons, 52 join with a label, 1 municipalities
06:34:28 Papantla: 52 AGEB, box ~791x1329 px @10 m
06:34:28 already here: 26_sonora.zip (74.0 MB)
06:34:28 reading 26a.shp
06:34:29 connected mass: 239 of 291 AGEB, 52 satellites dropped
06:34:29 San Luis Río Colorado: 239 polygons, 218 join with a label, 1 municipalities
06:34:29 San Luis Río Colorado: 218 AGEB, box ~1340x1114 px @10 m
06:34:29 already here: 07_chiapas.zip (108.8 MB)
06:34:29 reading 07a.shp
06:34:29 connected mass: 162 of 207 AGEB, 45 satellites dropped
06:34:29 Tapachula: 162 polygons, 162 join with a label, 1 municipalities
06:34:29 Tapachula: 162 AGEB, box ~985x1147 px @10 m
06:34:29 already here: 05_coahuiladezaragoza.zip (67.3 MB)
06:34:29 reading 05a.shp
06:34:29 Torreón: 355 polygons, 345 join with a label, 2 municipalities
06:34:29 Torreón: 345 AGEB, box ~2425x1850 px @10 m
06:34:29 already here: 24_sanluispotosi.zip (91.2 MB)
06:34:29 reading 24a.shp
06:34:29 connected mass: 21 of 76 AGEB, 55 satellites dropped
06:34:29 Villa de Ramos: 21 polygons, 20 join with a label, 1 municipalities
06:34:29 Villa de Ramos: 20 AGEB, box ~276x386 px @10 m
 tokens_low  tokens_high  agebs  median_population  municipalities  spearman_within
          1            3    567              211.0              15            0.257
          4            9    849             1948.0              16            0.338
         10           19    999             2644.0              20            0.352
         20           49    464             3230.5              14            0.432
         50        10000     79             3560.0               2            0.127
