22:20:58 dofa_base_patch16_224 loaded on mps, 768 dimensions
22:20:59 19x12 patch grid, 5.1% of the array left over
22:20:59 228 of 228 patches kept above 90% observed
22:20:59 44573 tokens kept of 44688, from 228 windows
22:21:01 44573 instances encoded into 768 dimensions
22:21:01 bogota/s2: 44573 tokens
22:21:02 19x12 patch grid, 5.1% of the array left over
22:21:02 228 of 228 patches kept above 90% observed
22:21:02 44688 tokens kept of 44688, from 228 windows
22:21:03 44688 instances encoded into 768 dimensions
22:21:03 bogota/s1: 44688 tokens
OK bogota · 44573 tokens scored
22:21:06 15x30 patch grid, 7.6% of the array left over
22:21:06 450 of 450 patches kept above 90% observed
22:21:07 88085 tokens kept of 88200, from 450 windows
22:21:10 88085 instances encoded into 768 dimensions
22:21:10 riodejaneiro/s2: 88085 tokens
22:21:11 15x30 patch grid, 7.6% of the array left over
22:21:11 450 of 450 patches kept above 90% observed
22:21:11 88200 tokens kept of 88200, from 450 windows
22:21:14 88200 instances encoded into 768 dimensions
22:21:14 riodejaneiro/s1: 88200 tokens
OK riodejaneiro · 88085 tokens scored
